Mono path[0] = '/home/nelim/rimworld/RimWorldLinux_Data/Managed'
Mono config path = '/home/nelim/rimworld/RimWorldLinux_Data/MonoBleedingEdge/etc'
Preloaded 'lib_burst_generated.so'
Preloaded 'libsteam_api.so'
Display 0 'screen': 1920x1080 (primary device).
[PhysX] Initialized MultithreadedTaskDispatcher with 8 workers.
Desktop is 1920 x 1080 @ 0 Hz
Initialize engine version: 2022.3.35f1 (011206c7a712)
[Subsystems] Discovering subsystems at path /home/nelim/rimworld/RimWorldLinux_Data/UnitySubsystems
GfxDevice: creating device client; threaded=1; jobified=0
Renderer: llvmpipe (LLVM 20.1.2, 256 bits)
Vendor:   Mesa
Version:  4.5 (Core Profile) Mesa 25.2.8-0ubuntu0.24.04.2
GLES:     0
 GL_3DFX_texture_compression_FXT1 GL_AMD_conservative_depth GL_AMD_draw_buffers_blend GL_AMD_gpu_shader_int64 GL_AMD_multi_draw_indirect GL_AMD_pinned_memory GL_AMD_query_buffer_object GL_AMD_seamless_cubemap_per_texture GL_AMD_shader_stencil_export GL_AMD_shader_trinary_minmax GL_AMD_texture_texture4 GL_AMD_vertex_shader_layer GL_AMD_vertex_shader_viewport_index GL_ANGLE_texture_compression_dxt3 GL_ANGLE_texture_compression_dxt5 GL_ARB_ES2_compatibility GL_ARB_ES3_1_compatibility GL_ARB_ES3_2_compatibility GL_ARB_ES3_compatibility GL_ARB_arrays_of_arrays GL_ARB_base_instance GL_ARB_blend_func_extended GL_ARB_buffer_storage GL_ARB_clear_buffer_object GL_ARB_clear_texture GL_ARB_clip_control GL_ARB_compressed_texture_pixel_storage GL_ARB_compute_shader GL_ARB_conditional_render_inverted GL_ARB_conservative_depth GL_ARB_copy_buffer GL_ARB_copy_image GL_ARB_cull_distance GL_ARB_debug_output GL_ARB_depth_buffer_float GL_ARB_depth_clamp GL_ARB_derivative_control GL_ARB_direct_state_access GL_ARB_draw_buffers GL_A
RB_draw_buffers_blend GL_ARB_draw_elements_base_vertex GL_ARB_draw_indirect GL_ARB_draw_instanced GL_ARB_enhanced_layouts GL_ARB_explicit_attrib_location GL_ARB_explicit_uniform_location GL_ARB_fragment_coord_conventions GL_ARB_fragment_layer_viewport GL_ARB_fragment_shader GL_ARB_framebuffer_no_attachments GL_ARB_framebuffer_object GL_ARB_framebuffer_sRGB GL_ARB_get_program_binary GL_ARB_get_texture_sub_image GL_ARB_gl_spirv GL_ARB_gpu_shader5 GL_ARB_gpu_shader_fp64 GL_ARB_gpu_shader_int64 GL_ARB_half_float_pixel GL_ARB_half_float_vertex GL_ARB_indirect_parameters GL_ARB_instanced_arrays GL_ARB_internalformat_query GL_ARB_internalformat_query2 GL_ARB_invalidate_subdata GL_ARB_map_buffer_alignment GL_ARB_map_buffer_range GL_ARB_multi_bind GL_ARB_multi_draw_indirect GL_ARB_occlusion_query2 GL_ARB_parallel_shader_compile GL_ARB_pipeline_statistics_query GL_ARB_pixel_buffer_object GL_ARB_point_sprite GL_ARB_polygon_offset_clamp GL_ARB_post_depth_coverage GL_ARB_program_interface_query GL_ARB_provoking_vertex GL
_ARB_query_buffer_object GL_ARB_robust_buffer_access_behavior GL_ARB_robustness GL_ARB_sample_shading GL_ARB_sampler_objects GL_ARB_seamless_cube_map GL_ARB_seamless_cubemap_per_texture GL_ARB_separate_shader_objects GL_ARB_shader_atomic_counter_ops GL_ARB_shader_atomic_counters GL_ARB_shader_ballot GL_ARB_shader_bit_encoding GL_ARB_shader_clock GL_ARB_shader_draw_parameters GL_ARB_shader_group_vote GL_ARB_shader_image_load_store GL_ARB_shader_image_size GL_ARB_shader_objects GL_ARB_shader_precision GL_ARB_shader_stencil_export GL_ARB_shader_storage_buffer_object GL_ARB_shader_subroutine GL_ARB_shader_texture_image_samples GL_ARB_shader_texture_lod GL_ARB_shader_viewport_layer_array GL_ARB_shading_language_420pack GL_ARB_shading_language_include GL_ARB_shading_language_packing GL_ARB_spirv_extensions GL_ARB_stencil_texturing GL_ARB_sync GL_ARB_tessellation_shader GL_ARB_texture_barrier GL_ARB_texture_border_clamp GL_ARB_texture_buffer_object GL_ARB_texture_buffer_object_rgb32 GL_ARB_texture_buffer_range GL_A
RB_texture_compression_bptc GL_ARB_texture_compression_rgtc GL_ARB_texture_cube_map_array GL_ARB_texture_filter_anisotropic GL_ARB_texture_filter_minmax GL_ARB_texture_float GL_ARB_texture_gather GL_ARB_texture_mirror_clamp_to_edge GL_ARB_texture_multisample GL_ARB_texture_non_power_of_two GL_ARB_texture_query_levels GL_ARB_texture_query_lod GL_ARB_texture_rectangle GL_ARB_texture_rg GL_ARB_texture_rgb10_a2ui GL_ARB_texture_stencil8 GL_ARB_texture_storage GL_ARB_texture_storage_multisample GL_ARB_texture_swizzle GL_ARB_texture_view GL_ARB_timer_query GL_ARB_transform_feedback2 GL_ARB_transform_feedback3 GL_ARB_transform_feedback_instanced GL_ARB_transform_feedback_overflow_query GL_ARB_uniform_buffer_object GL_ARB_vertex_array_bgra GL_ARB_vertex_array_object GL_ARB_vertex_attrib_64bit GL_ARB_vertex_attrib_binding GL_ARB_vertex_buffer_object GL_ARB_vertex_shader GL_ARB_vertex_type_10f_11f_11f_rev GL_ARB_vertex_type_2_10_10_10_rev GL_ARB_viewport_array GL_ARM_shader_framebuffer_fetch_depth_stencil GL_ATI_blend
_equation_separate GL_ATI_meminfo GL_ATI_texture_float GL_ATI_texture_mirror_once GL_EXT_EGL_image_storage GL_EXT_EGL_image_storage_compression GL_EXT_EGL_sync GL_EXT_abgr GL_EXT_blend_equation_separate GL_EXT_debug_label GL_EXT_draw_buffers2 GL_EXT_draw_instanced GL_EXT_framebuffer_blit GL_EXT_framebuffer_multisample GL_EXT_framebuffer_multisample_blit_scaled GL_EXT_framebuffer_object GL_EXT_framebuffer_sRGB GL_EXT_memory_object GL_EXT_memory_object_fd GL_EXT_packed_depth_stencil GL_EXT_packed_float GL_EXT_pixel_buffer_object GL_EXT_polygon_offset_clamp GL_EXT_provoking_vertex GL_EXT_shader_clock GL_EXT_shader_framebuffer_fetch GL_EXT_shader_framebuffer_fetch_non_coherent GL_EXT_shader_image_load_formatted GL_EXT_shader_integer_mix GL_EXT_texture_array GL_EXT_texture_compression_dxt1 GL_EXT_texture_compression_rgtc GL_EXT_texture_compression_s3tc GL_EXT_texture_filter_anisotropic GL_EXT_texture_filter_minmax GL_EXT_texture_integer GL_EXT_texture_mirror_clamp GL_EXT_texture_sRGB GL_EXT_texture_sRGB_R8 GL_EXT
_texture_sRGB_RG8 GL_EXT_texture_sRGB_decode GL_EXT_texture_shadow_lod GL_EXT_texture_shared_exponent GL_EXT_texture_snorm GL_EXT_texture_storage GL_EXT_texture_swizzle GL_EXT_timer_query GL_EXT_transform_feedback GL_EXT_vertex_array_bgra GL_EXT_vertex_attrib_64bit GL_IBM_multimode_draw_arrays GL_INTEL_shader_atomic_float_minmax GL_KHR_blend_equation_advanced GL_KHR_blend_equation_advanced_coherent GL_KHR_context_flush_control GL_KHR_debug GL_KHR_no_error GL_KHR_parallel_shader_compile GL_KHR_robust_buffer_access_behavior GL_KHR_robustness GL_KHR_texture_compression_astc_ldr GL_KHR_texture_compression_astc_sliced_3d GL_MESA_framebuffer_flip_y GL_MESA_pack_invert GL_MESA_shader_integer_functions GL_MESA_texture_signed_rgba GL_NVX_gpu_memory_info GL_NV_alpha_to_coverage_dither_control GL_NV_conditional_render GL_NV_copy_image GL_NV_depth_clamp GL_NV_packed_depth_stencil GL_NV_shader_atomic_float GL_NV_texture_barrier GL_OES_EGL_image GL_OVR_multiview GL_OVR_multiview2 GL_S3_s3tc
OPENGL LOG: Creating OpenGL 4.5 graphics device ; Context level  <OpenGL 4.5> ; Context handle 158633888
Begin MonoManager ReloadAssembly
- Loaded All Assemblies, in  0.158 seconds
- Finished resetting the current domain, in  0.002 seconds
Default vsync count 1
requesting resize 1920 x 1080
resizing window to 1920 x 1080
Desktop is 1920 x 1080 @ 0 Hz
[PhysX] Initialized MultithreadedTaskDispatcher with 8 workers.
UnloadTime: 1.905776 ms
Command line arguments: -pickle-run=@gallery -pickle-no-browser -pickle-http-port=27750 -pickle-run-timeout=20 -pickle-set-name=gallery-notm -pickle-report-dir=/mnt/c/Users/nelim/Documents/rimworld/pickle-reports -logfile /mnt/c/Users/nelim/Documents/rimworld/pickle-reports/Player.log -pickle-scenario-timeout=300
[S_API] SteamAPI_Init(): SteamAPI_IsSteamRunning() did not locate a running instance of Steam.
dlopen failed trying to load:
/home/nelim/.steam/sdk64/steamclient.so
with error:
/home/nelim/.steam/sdk64/steamclient.so: cannot open shared object file: No such file or directory
[S_API] SteamAPI_Init(): Sys_LoadModule failed to load: /home/nelim/.steam/sdk64/steamclient.so
[Steamworks.NET] SteamAPI.Init() failed. Possible causes: Steam client not running, launched from outside Steam without steam_appid.txt in place, running with different privileges than Steam client (e.g. "as administrator")
RimWorld 1.6.4871 rev600
Mod TailorMade Waistlines - Pickle tests dependency (nelim.tailormade.waistlines) needs to have <downloadUrl> and/or <steamWorkshopUrl> specified.
Fallback handler could not load library /home/nelim/rimworld/RimWorldLinux_Data/MonoBleedingEdge/x86_64/data-0x709038891f20.so
Fallback handler could not load library /home/nelim/rimworld/RimWorldLinux_Data/MonoBleedingEdge/x86_64/data-0x7090388cfe60.so
<color=#B2B2B2>[2026-10-07 06:52:29.623] [INFO] [Vanilla] </color>Command line arguments: -pickle-run=@gallery -pickle-no-browser -pickle-http-port=27750 -pickle-run-timeout=20 -pickle-set-name=gallery-notm -pickle-report-dir=/mnt/c/Users/nelim/Documents/rimworld/pickle-reports -logfile /mnt/c/Users/nelim/Documents/rimworld/pickle-reports/Player.log -pickle-scenario-timeout=300
UnityEngine.StackTraceUtility:ExtractStackTrace ()
Verse.Log:Message (string)
Verse.Root:CheckGlobalInit ()
Verse.Root:Start ()
Verse.Root_Entry:Start ()
<color=#B2B2B2>[2026-10-07 06:52:29.624] [WARN] [Vanilla] </color>[Steamworks.NET] SteamAPI.Init() failed. Possible causes: Steam client not running, launched from outside Steam without steam_appid.txt in place, running with different privileges than Steam client (e.g. "as administrator")
UnityEngine.StackTraceUtility:ExtractStackTrace ()
Verse.Log:Warning (string)
Verse.Steam.SteamManager:InitIfNeeded ()
Verse.Root:CheckGlobalInit ()
Verse.Root:Start ()
Verse.Root_Entry:Start ()
<color=#B2B2B2>[2026-10-07 06:52:29.624] [INFO] [Vanilla] </color>RimWorld 1.6.4871 rev600
UnityEngine.StackTraceUtility:ExtractStackTrace ()
Verse.Log:Message (string)
RimWorld.VersionControl:LogVersionNumber ()
Verse.Root:CheckGlobalInit ()
Verse.Root:Start ()
Verse.Root_Entry:Start ()
<color=#B2B2B2>[2026-10-07 06:52:29.625] [WARN] [Vanilla] </color>Mod TailorMade Waistlines - Pickle tests dependency (nelim.tailormade.waistlines) needs to have <downloadUrl> and/or <steamWorkshopUrl> specified.
UnityEngine.StackTraceUtility:ExtractStackTrace ()
Verse.Log:Warning (string)
Verse.ModMetaData/ModMetaDataInternal:ValidateDependencies (bool)
Verse.ModMetaData:Init ()
Verse.ModMetaData:.ctor (string,bool)
Verse.ModLister:RebuildModList ()
Verse.ModLister:.cctor ()
Verse.ModsConfig:.cctor ()
Verse.LoadedModManager:InitializeMods ()
Verse.LoadedModManager:LoadAllActiveMods (bool)
Verse.PlayDataLoader:DoPlayLoad ()
Verse.PlayDataLoader:LoadAllPlayData (bool)
Verse.Root/<>c:<Start>b__10_1 ()
Verse.LongEventHandler:RunEventFromAnotherThread (System.Action)
Verse.LongEventHandler/<>c:<UpdateCurrentAsynchronousEvent>b__28_0 ()
System.Threading.ThreadHelper:ThreadStart_Context (object)
System.Threading.ExecutionContext:RunInternal (System.Threading.ExecutionContext,System.Threading.ContextCallback,object,bool)
System.Threading.ExecutionContext:Run (System.Threading.ExecutionContext,System.Threading.ContextCallback,object,bool)
System.Threading.ExecutionContext:Run (System.Threading.ExecutionContext,System.Threading.ContextCallback,object)
System.Threading.ThreadHelper:ThreadStart ()
<color=#A5C2A5>[2026-10-07 06:52:29.929] [INFO] [RimWorks.RimLogging] [Patching/PatchBackends:49] </color>patched via Harmony {mod_id=rimworks.rimlogging}
at System.Reflection.RuntimeConstructorInfo.InternalInvoke
at System.Reflection.RuntimeConstructorInfo.InternalInvoke
at System.Reflection.RuntimeConstructorInfo.DoInvoke
at System.Reflection.RuntimeConstructorInfo.Invoke
at System.RuntimeType.CreateInstanceImpl
at System.Activator.CreateInstance
at System.Activator.CreateInstance
at Verse.LoadedModManager.CreateModClasses
at Verse.LoadedModManager.LoadAllActiveMods
at Verse.PlayDataLoader.DoPlayLoad
at Verse.PlayDataLoader.LoadAllPlayData
at Verse.Root+<>c.<Start>b__10_1
at Verse.LongEventHandler.RunEventFromAnotherThread
at Verse.LongEventHandler+<>c.<UpdateCurrentAsynchronousEvent>b__28_0
at System.Threading.ThreadHelper.ThreadStart_Context
at System.Threading.ExecutionContext.RunInternal
at System.Threading.ExecutionContext.Run
at System.Threading.ExecutionContext.Run
at System.Threading.ThreadHelper.ThreadStart
<color=#A5C2A5>[2026-10-07 06:52:29.943] [INFO] [RimWorks.RimLogging] [Bootstrap/EarlyInit:30] </color>RimLogging initialized {mod_id=rimworks.rimlogging}
at System.Reflection.RuntimeConstructorInfo.InternalInvoke
at System.Reflection.RuntimeConstructorInfo.InternalInvoke
at System.Reflection.RuntimeConstructorInfo.DoInvoke
at System.Reflection.RuntimeConstructorInfo.Invoke
at System.RuntimeType.CreateInstanceImpl
at System.Activator.CreateInstance
at System.Activator.CreateInstance
at Verse.LoadedModManager.CreateModClasses
at Verse.LoadedModManager.LoadAllActiveMods
at Verse.PlayDataLoader.DoPlayLoad
at Verse.PlayDataLoader.LoadAllPlayData
at Verse.Root+<>c.<Start>b__10_1
at Verse.LongEventHandler.RunEventFromAnotherThread
at Verse.LongEventHandler+<>c.<UpdateCurrentAsynchronousEvent>b__28_0
at System.Threading.ThreadHelper.ThreadStart_Context
at System.Threading.ExecutionContext.RunInternal
at System.Threading.ExecutionContext.Run
at System.Threading.ExecutionContext.Run
at System.Threading.ThreadHelper.ThreadStart
<color=#A5C2A5>[2026-10-07 06:52:29.973] [INFO] [Pickle] [home/runner/work/Rimworld-Pickle/Rimworld-Pickle/Source/Pickle/PickleMod:21] </color>loaded {mod_id=rimworks.pickle}
at RimWorks.Pickle.PickleMod..ctor (home/runner/work/Rimworld-Pickle/Rimworld-Pickle/Source/Pickle/PickleMod:21)
at System.Reflection.RuntimeConstructorInfo.InternalInvoke
at System.Reflection.RuntimeConstructorInfo.InternalInvoke
at System.Reflection.RuntimeConstructorInfo.DoInvoke
at System.Reflection.RuntimeConstructorInfo.Invoke
at System.RuntimeType.CreateInstanceImpl
at System.Activator.CreateInstance
at System.Activator.CreateInstance
at Verse.LoadedModManager.CreateModClasses
at Verse.LoadedModManager.LoadAllActiveMods
at Verse.PlayDataLoader.DoPlayLoad
at Verse.PlayDataLoader.LoadAllPlayData
at Verse.Root+<>c.<Start>b__10_1
at Verse.LongEventHandler.RunEventFromAnotherThread
at Verse.LongEventHandler+<>c.<UpdateCurrentAsynchronousEvent>b__28_0
at System.Threading.ThreadHelper.ThreadStart_Context
at System.Threading.ExecutionContext.RunInternal
at System.Threading.ExecutionContext.Run
at System.Threading.ExecutionContext.Run
at System.Threading.ThreadHelper.ThreadStart
<color=#A5C2A5>[2026-10-07 06:52:30.184] [INFO] [Pickle] [home/runner/work/Rimworld-Pickle/Rimworld-Pickle/Source/Pickle/Patching/PatchBackends:69] </color>early hooks applied via Harmony {mod_id=rimworks.pickle}
at RimWorks.Pickle.Patching.PatchBackends.ApplyEarliest (home/runner/work/Rimworld-Pickle/Rimworld-Pickle/Source/Pickle/Patching/PatchBackends:69)
at RimWorks.Pickle.PickleMod..ctor (home/runner/work/Rimworld-Pickle/Rimworld-Pickle/Source/Pickle/PickleMod:25)
at System.Reflection.RuntimeConstructorInfo.InternalInvoke
at System.Reflection.RuntimeConstructorInfo.InternalInvoke
at System.Reflection.RuntimeConstructorInfo.DoInvoke
at System.Reflection.RuntimeConstructorInfo.Invoke
at System.RuntimeType.CreateInstanceImpl
at System.Activator.CreateInstance
at System.Activator.CreateInstance
at Verse.LoadedModManager.CreateModClasses
at Verse.LoadedModManager.LoadAllActiveMods
at Verse.PlayDataLoader.DoPlayLoad
at Verse.PlayDataLoader.LoadAllPlayData
at Verse.Root+<>c.<Start>b__10_1
at Verse.LongEventHandler.RunEventFromAnotherThread
at Verse.LongEventHandler+<>c.<UpdateCurrentAsynchronousEvent>b__28_0
at System.Threading.ThreadHelper.ThreadStart_Context
at System.Threading.ExecutionContext.RunInternal
at System.Threading.ExecutionContext.Run
at System.Threading.ExecutionContext.Run
at System.Threading.ThreadHelper.ThreadStart
<color=#A5C2A5>[2026-10-07 06:52:30.211] [INFO] [Pickle] [home/runner/work/Rimworld-Pickle/Rimworld-Pickle/Source/Pickle/SuiteScanner:46] </color>suite Pickle: 30 features [bill-steps.feature, construction-steps.feature, debug-menu.feature, def-steps.feature, devmode-steps.feature, dlc-steps.feature, engine-smoke.feature, entry-flow.feature, gear-steps.feature, language-steps.feature, map-steps.feature, mod-steps.feature, notification-steps.feature, patch-attribution.feature, pawn-steps.feature, save-reload.feature, sim-steps.feature, stat-steps.feature, storyteller-steps.feature, surgery-steps.feature, thought-steps.feature, ui-steps.feature, vanilla-smoke.feature, warning-steps.feature, watch-steps.feature, window-suppression.feature, wip-tag.feature, world-camera-steps.feature, world-condition-steps.feature, world-steps.feature] 1 fixture(s) 0 steps dll(s) {mod_id=rimworks.pickle}
at RimWorks.Pickle.SuiteScanner.LogSuites (home/runner/work/Rimworld-Pickle/Rimworld-Pickle/Source/Pickle/SuiteScanner:46)
at RimWorks.Pickle.PickleMod..ctor (home/runner/work/Rimworld-Pickle/Rimworld-Pickle/Source/Pickle/PickleMod:28)
at System.Reflection.RuntimeConstructorInfo.InternalInvoke
at System.Reflection.RuntimeConstructorInfo.InternalInvoke
at System.Reflection.RuntimeConstructorInfo.DoInvoke
at System.Reflection.RuntimeConstructorInfo.Invoke
at System.RuntimeType.CreateInstanceImpl
at System.Activator.CreateInstance
at System.Activator.CreateInstance
at Verse.LoadedModManager.CreateModClasses
at Verse.LoadedModManager.LoadAllActiveMods
at Verse.PlayDataLoader.DoPlayLoad
at Verse.PlayDataLoader.LoadAllPlayData
at Verse.Root+<>c.<Start>b__10_1
at Verse.LongEventHandler.RunEventFromAnotherThread
at Verse.LongEventHandler+<>c.<UpdateCurrentAsynchronousEvent>b__28_0
at System.Threading.ThreadHelper.ThreadStart_Context
at System.Threading.ExecutionContext.RunInternal
at System.Threading.ExecutionContext.Run
at System.Threading.ExecutionContext.Run
at System.Threading.ThreadHelper.ThreadStart
<color=#A5C2A5>[2026-10-07 06:52:30.211] [INFO] [Pickle] [home/runner/work/Rimworld-Pickle/Rimworld-Pickle/Source/Pickle/SuiteScanner:46] </color>suite Nelim's Pickle Tools - Colonist race: 0 features [] 0 fixture(s) 1 steps dll(s) {mod_id=rimworks.pickle}
at RimWorks.Pickle.SuiteScanner.LogSuites (home/runner/work/Rimworld-Pickle/Rimworld-Pickle/Source/Pickle/SuiteScanner:46)
at RimWorks.Pickle.PickleMod..ctor (home/runner/work/Rimworld-Pickle/Rimworld-Pickle/Source/Pickle/PickleMod:28)
at System.Reflection.RuntimeConstructorInfo.InternalInvoke
at System.Reflection.RuntimeConstructorInfo.InternalInvoke
at System.Reflection.RuntimeConstructorInfo.DoInvoke
at System.Reflection.RuntimeConstructorInfo.Invoke
at System.RuntimeType.CreateInstanceImpl
at System.Activator.CreateInstance
at System.Activator.CreateInstance
at Verse.LoadedModManager.CreateModClasses
at Verse.LoadedModManager.LoadAllActiveMods
at Verse.PlayDataLoader.DoPlayLoad
at Verse.PlayDataLoader.LoadAllPlayData
at Verse.Root+<>c.<Start>b__10_1
at Verse.LongEventHandler.RunEventFromAnotherThread
at Verse.LongEventHandler+<>c.<UpdateCurrentAsynchronousEvent>b__28_0
at System.Threading.ThreadHelper.ThreadStart_Context
at System.Threading.ExecutionContext.RunInternal
at System.Threading.ExecutionContext.Run
at System.Threading.ExecutionContext.Run
at System.Threading.ThreadHelper.ThreadStart
<color=#A5C2A5>[2026-10-07 06:52:30.212] [INFO] [Pickle] [home/runner/work/Rimworld-Pickle/Rimworld-Pickle/Source/Pickle/SuiteScanner:46] </color>suite Nelim's Pickle Tools - Click diagnostics: 0 features [] 0 fixture(s) 1 steps dll(s) {mod_id=rimworks.pickle}
at RimWorks.Pickle.SuiteScanner.LogSuites (home/runner/work/Rimworld-Pickle/Rimworld-Pickle/Source/Pickle/SuiteScanner:46)
at RimWorks.Pickle.PickleMod..ctor (home/runner/work/Rimworld-Pickle/Rimworld-Pickle/Source/Pickle/PickleMod:28)
at System.Reflection.RuntimeConstructorInfo.InternalInvoke
at System.Reflection.RuntimeConstructorInfo.InternalInvoke
at System.Reflection.RuntimeConstructorInfo.DoInvoke
at System.Reflection.RuntimeConstructorInfo.Invoke
at System.RuntimeType.CreateInstanceImpl
at System.Activator.CreateInstance
at System.Activator.CreateInstance
at Verse.LoadedModManager.CreateModClasses
at Verse.LoadedModManager.LoadAllActiveMods
at Verse.PlayDataLoader.DoPlayLoad
at Verse.PlayDataLoader.LoadAllPlayData
at Verse.Root+<>c.<Start>b__10_1
at Verse.LongEventHandler.RunEventFromAnotherThread
at Verse.LongEventHandler+<>c.<UpdateCurrentAsynchronousEvent>b__28_0
at System.Threading.ThreadHelper.ThreadStart_Context
at System.Threading.ExecutionContext.RunInternal
at System.Threading.ExecutionContext.Run
at System.Threading.ExecutionContext.Run
at System.Threading.ThreadHelper.ThreadStart
<color=#A5C2A5>[2026-10-07 06:52:30.213] [INFO] [Pickle] [home/runner/work/Rimworld-Pickle/Rimworld-Pickle/Source/Pickle/SuiteScanner:46] </color>suite Nelim's Pickle Tools - Screenshot Studio: 0 features [] 3 fixture(s) 1 steps dll(s) {mod_id=rimworks.pickle}
at RimWorks.Pickle.SuiteScanner.LogSuites (home/runner/work/Rimworld-Pickle/Rimworld-Pickle/Source/Pickle/SuiteScanner:46)
at RimWorks.Pickle.PickleMod..ctor (home/runner/work/Rimworld-Pickle/Rimworld-Pickle/Source/Pickle/PickleMod:28)
at System.Reflection.RuntimeConstructorInfo.InternalInvoke
at System.Reflection.RuntimeConstructorInfo.InternalInvoke
at System.Reflection.RuntimeConstructorInfo.DoInvoke
at System.Reflection.RuntimeConstructorInfo.Invoke
at System.RuntimeType.CreateInstanceImpl
at System.Activator.CreateInstance
at System.Activator.CreateInstance
at Verse.LoadedModManager.CreateModClasses
at Verse.LoadedModManager.LoadAllActiveMods
at Verse.PlayDataLoader.DoPlayLoad
at Verse.PlayDataLoader.LoadAllPlayData
at Verse.Root+<>c.<Start>b__10_1
at Verse.LongEventHandler.RunEventFromAnotherThread
at Verse.LongEventHandler+<>c.<UpdateCurrentAsynchronousEvent>b__28_0
at System.Threading.ThreadHelper.ThreadStart_Context
at System.Threading.ExecutionContext.RunInternal
at System.Threading.ExecutionContext.Run
at System.Threading.ExecutionContext.Run
at System.Threading.ThreadHelper.ThreadStart
<color=#A5C2A5>[2026-10-07 06:52:30.213] [INFO] [Pickle] [home/runner/work/Rimworld-Pickle/Rimworld-Pickle/Source/Pickle/SuiteScanner:46] </color>suite Nelim's Pickle Tools - Camera zoom: 0 features [] 0 fixture(s) 1 steps dll(s) {mod_id=rimworks.pickle}
at RimWorks.Pickle.SuiteScanner.LogSuites (home/runner/work/Rimworld-Pickle/Rimworld-Pickle/Source/Pickle/SuiteScanner:46)
at RimWorks.Pickle.PickleMod..ctor (home/runner/work/Rimworld-Pickle/Rimworld-Pickle/Source/Pickle/PickleMod:28)
at System.Reflection.RuntimeConstructorInfo.InternalInvoke
at System.Reflection.RuntimeConstructorInfo.InternalInvoke
at System.Reflection.RuntimeConstructorInfo.DoInvoke
at System.Reflection.RuntimeConstructorInfo.Invoke
at System.RuntimeType.CreateInstanceImpl
at System.Activator.CreateInstance
at System.Activator.CreateInstance
at Verse.LoadedModManager.CreateModClasses
at Verse.LoadedModManager.LoadAllActiveMods
at Verse.PlayDataLoader.DoPlayLoad
at Verse.PlayDataLoader.LoadAllPlayData
at Verse.Root+<>c.<Start>b__10_1
at Verse.LongEventHandler.RunEventFromAnotherThread
at Verse.LongEventHandler+<>c.<UpdateCurrentAsynchronousEvent>b__28_0
at System.Threading.ThreadHelper.ThreadStart_Context
at System.Threading.ExecutionContext.RunInternal
at System.Threading.ExecutionContext.Run
at System.Threading.ExecutionContext.Run
at System.Threading.ThreadHelper.ThreadStart
<color=#A5C2A5>[2026-10-07 06:52:30.214] [INFO] [Pickle] [home/runner/work/Rimworld-Pickle/Rimworld-Pickle/Source/Pickle/SuiteScanner:46] </color>suite Nelim's Pickle Tools - Stage decor: 0 features [] 0 fixture(s) 1 steps dll(s) {mod_id=rimworks.pickle}
at RimWorks.Pickle.SuiteScanner.LogSuites (home/runner/work/Rimworld-Pickle/Rimworld-Pickle/Source/Pickle/SuiteScanner:46)
at RimWorks.Pickle.PickleMod..ctor (home/runner/work/Rimworld-Pickle/Rimworld-Pickle/Source/Pickle/PickleMod:28)
at System.Reflection.RuntimeConstructorInfo.InternalInvoke
at System.Reflection.RuntimeConstructorInfo.InternalInvoke
at System.Reflection.RuntimeConstructorInfo.DoInvoke
at System.Reflection.RuntimeConstructorInfo.Invoke
at System.RuntimeType.CreateInstanceImpl
at System.Activator.CreateInstance
at System.Activator.CreateInstance
at Verse.LoadedModManager.CreateModClasses
at Verse.LoadedModManager.LoadAllActiveMods
at Verse.PlayDataLoader.DoPlayLoad
at Verse.PlayDataLoader.LoadAllPlayData
at Verse.Root+<>c.<Start>b__10_1
at Verse.LongEventHandler.RunEventFromAnotherThread
at Verse.LongEventHandler+<>c.<UpdateCurrentAsynchronousEvent>b__28_0
at System.Threading.ThreadHelper.ThreadStart_Context
at System.Threading.ExecutionContext.RunInternal
at System.Threading.ExecutionContext.Run
at System.Threading.ExecutionContext.Run
at System.Threading.ThreadHelper.ThreadStart
<color=#A5C2A5>[2026-10-07 06:52:30.215] [INFO] [Pickle] [home/runner/work/Rimworld-Pickle/Rimworld-Pickle/Source/Pickle/SuiteScanner:46] </color>suite Nelim's Pickle Tools - Coat steps: 0 features [] 0 fixture(s) 1 steps dll(s) {mod_id=rimworks.pickle}
at RimWorks.Pickle.SuiteScanner.LogSuites (home/runner/work/Rimworld-Pickle/Rimworld-Pickle/Source/Pickle/SuiteScanner:46)
at RimWorks.Pickle.PickleMod..ctor (home/runner/work/Rimworld-Pickle/Rimworld-Pickle/Source/Pickle/PickleMod:28)
at System.Reflection.RuntimeConstructorInfo.InternalInvoke
at System.Reflection.RuntimeConstructorInfo.InternalInvoke
at System.Reflection.RuntimeConstructorInfo.DoInvoke
at System.Reflection.RuntimeConstructorInfo.Invoke
at System.RuntimeType.CreateInstanceImpl
at System.Activator.CreateInstance
at System.Activator.CreateInstance
at Verse.LoadedModManager.CreateModClasses
at Verse.LoadedModManager.LoadAllActiveMods
at Verse.PlayDataLoader.DoPlayLoad
at Verse.PlayDataLoader.LoadAllPlayData
at Verse.Root+<>c.<Start>b__10_1
at Verse.LongEventHandler.RunEventFromAnotherThread
at Verse.LongEventHandler+<>c.<UpdateCurrentAsynchronousEvent>b__28_0
at System.Threading.ThreadHelper.ThreadStart_Context
at System.Threading.ExecutionContext.RunInternal
at System.Threading.ExecutionContext.Run
at System.Threading.ExecutionContext.Run
at System.Threading.ThreadHelper.ThreadStart
<color=#A5C2A5>[2026-10-07 06:52:30.215] [INFO] [Pickle] [home/runner/work/Rimworld-Pickle/Rimworld-Pickle/Source/Pickle/SuiteScanner:46] </color>suite Nelim's Pickle Tools - Clear screen: 0 features [] 0 fixture(s) 1 steps dll(s) {mod_id=rimworks.pickle}
at RimWorks.Pickle.SuiteScanner.LogSuites (home/runner/work/Rimworld-Pickle/Rimworld-Pickle/Source/Pickle/SuiteScanner:46)
at RimWorks.Pickle.PickleMod..ctor (home/runner/work/Rimworld-Pickle/Rimworld-Pickle/Source/Pickle/PickleMod:28)
at System.Reflection.RuntimeConstructorInfo.InternalInvoke
at System.Reflection.RuntimeConstructorInfo.InternalInvoke
at System.Reflection.RuntimeConstructorInfo.DoInvoke
at System.Reflection.RuntimeConstructorInfo.Invoke
at System.RuntimeType.CreateInstanceImpl
at System.Activator.CreateInstance
at System.Activator.CreateInstance
at Verse.LoadedModManager.CreateModClasses
at Verse.LoadedModManager.LoadAllActiveMods
at Verse.PlayDataLoader.DoPlayLoad
at Verse.PlayDataLoader.LoadAllPlayData
at Verse.Root+<>c.<Start>b__10_1
at Verse.LongEventHandler.RunEventFromAnotherThread
at Verse.LongEventHandler+<>c.<UpdateCurrentAsynchronousEvent>b__28_0
at System.Threading.ThreadHelper.ThreadStart_Context
at System.Threading.ExecutionContext.RunInternal
at System.Threading.ExecutionContext.Run
at System.Threading.ExecutionContext.Run
at System.Threading.ThreadHelper.ThreadStart
<color=#A5C2A5>[2026-10-07 06:52:30.216] [INFO] [Pickle] [home/runner/work/Rimworld-Pickle/Rimworld-Pickle/Source/Pickle/SuiteScanner:46] </color>suite TailorMade Waistlines - Pickle tests: 9 features [01-trousers-review.feature, 02-gear-tab.feature, 03-silhouettes.feature, 04-other-supplier.feature, 05-gallery.feature, 06-legwear.feature, 07-acs-misaka.feature, 98-explore-child-sanctuary.feature, 99-explore-childpants-scale.feature] 0 fixture(s) 0 steps dll(s) {mod_id=rimworks.pickle}
at RimWorks.Pickle.SuiteScanner.LogSuites (home/runner/work/Rimworld-Pickle/Rimworld-Pickle/Source/Pickle/SuiteScanner:46)
at RimWorks.Pickle.PickleMod..ctor (home/runner/work/Rimworld-Pickle/Rimworld-Pickle/Source/Pickle/PickleMod:28)
at System.Reflection.RuntimeConstructorInfo.InternalInvoke
at System.Reflection.RuntimeConstructorInfo.InternalInvoke
at System.Reflection.RuntimeConstructorInfo.DoInvoke
at System.Reflection.RuntimeConstructorInfo.Invoke
at System.RuntimeType.CreateInstanceImpl
at System.Activator.CreateInstance
at System.Activator.CreateInstance
at Verse.LoadedModManager.CreateModClasses
at Verse.LoadedModManager.LoadAllActiveMods
at Verse.PlayDataLoader.DoPlayLoad
at Verse.PlayDataLoader.LoadAllPlayData
at Verse.Root+<>c.<Start>b__10_1
at Verse.LongEventHandler.RunEventFromAnotherThread
at Verse.LongEventHandler+<>c.<UpdateCurrentAsynchronousEvent>b__28_0
at System.Threading.ThreadHelper.ThreadStart_Context
at System.Threading.ExecutionContext.RunInternal
at System.Threading.ExecutionContext.Run
at System.Threading.ExecutionContext.Run
at System.Threading.ThreadHelper.ThreadStart
<color=#A5C2A5>[2026-10-07 06:52:30.311] [INFO] [Pickle] [home/runner/work/Rimworld-Pickle/Rimworld-Pickle/Source/Pickle/Web/PickleHttpServer:161] </color>dashboard on http://0.0.0.0:27750/ {mod_id=rimworks.pickle}
at RimWorks.Pickle.Web.PickleHttpServer.TryStart (home/runner/work/Rimworld-Pickle/Rimworld-Pickle/Source/Pickle/Web/PickleHttpServer:161)
at RimWorks.Pickle.Web.PickleHttpServer.Start (home/runner/work/Rimworld-Pickle/Rimworld-Pickle/Source/Pickle/Web/PickleHttpServer:113)
at RimWorks.Pickle.Web.PickleHttpServer.StartUnlessDisabled (home/runner/work/Rimworld-Pickle/Rimworld-Pickle/Source/Pickle/Web/PickleHttpServer:102)
at RimWorks.Pickle.PickleMod..ctor (home/runner/work/Rimworld-Pickle/Rimworld-Pickle/Source/Pickle/PickleMod:30)
at System.Reflection.RuntimeConstructorInfo.InternalInvoke
at System.Reflection.RuntimeConstructorInfo.InternalInvoke
at System.Reflection.RuntimeConstructorInfo.DoInvoke
at System.Reflection.RuntimeConstructorInfo.Invoke
at System.RuntimeType.CreateInstanceImpl
at System.Activator.CreateInstance
at System.Activator.CreateInstance
at Verse.LoadedModManager.CreateModClasses
at Verse.LoadedModManager.LoadAllActiveMods
at Verse.PlayDataLoader.DoPlayLoad
at Verse.PlayDataLoader.LoadAllPlayData
at Verse.Root+<>c.<Start>b__10_1
at Verse.LongEventHandler.RunEventFromAnotherThread
at Verse.LongEventHandler+<>c.<UpdateCurrentAsynchronousEvent>b__28_0
at System.Threading.ThreadHelper.ThreadStart_Context
at System.Threading.ExecutionContext.RunInternal
at System.Threading.ExecutionContext.Run
at System.Threading.ExecutionContext.Run
at System.Threading.ThreadHelper.ThreadStart
<color=#A5C2A5>[2026-10-07 06:52:30.438] [INFO] [Mod.nelim.tailormade.waistlines] </color>[TailorMade Waistlines] TailorMade is not loaded: its bands and its resizing are not patched. {mod_id=nelim.tailormade.waistlines}
at TailorMadeWaistlines.TailorMadeLink.SayAbsent
at TailorMadeWaistlines.TailorMadeWaistlinesMod..ctor
at System.Reflection.RuntimeConstructorInfo.InternalInvoke
at System.Reflection.RuntimeConstructorInfo.InternalInvoke
at System.Reflection.RuntimeConstructorInfo.DoInvoke
at System.Reflection.RuntimeConstructorInfo.Invoke
at System.RuntimeType.CreateInstanceImpl
at System.Activator.CreateInstance
at System.Activator.CreateInstance
at Verse.LoadedModManager.CreateModClasses
at Verse.LoadedModManager.LoadAllActiveMods
at Verse.PlayDataLoader.DoPlayLoad
at Verse.PlayDataLoader.LoadAllPlayData
at Verse.Root+<>c.<Start>b__10_1
at Verse.LongEventHandler.RunEventFromAnotherThread
at Verse.LongEventHandler+<>c.<UpdateCurrentAsynchronousEvent>b__28_0
at System.Threading.ThreadHelper.ThreadStart_Context
at System.Threading.ExecutionContext.RunInternal
at System.Threading.ExecutionContext.Run
at System.Threading.ExecutionContext.Run
at System.Threading.ThreadHelper.ThreadStart
<color=#B2B2B2>[2026-10-07 06:52:46.394] [ERROR] [Vanilla] </color>Mod Nelim's Pickle Tools - Colonist race did not load any content. Following load folders were used:
  - /home/nelim/rimworld/Mods/local-nelim.pickletools.colonistrace
at Verse.LoadedModManager+<>c.<LoadModContent>b__13_1
at Verse.LongEventHandler.ExecuteToExecuteWhenFinished
at Verse.LongEventHandler.UpdateCurrentAsynchronousEvent
at Verse.LongEventHandler.LongEventsUpdate
at Verse.Root.Update
at Verse.Root_Entry.Update
<color=#B2B2B2>[2026-10-07 06:52:46.397] [ERROR] [Vanilla] </color>Mod Nelim's Pickle Tools - Click diagnostics did not load any content. Following load folders were used:
  - /home/nelim/rimworld/Mods/local-nelim.pickletools.clickdiagnostics
at Verse.LoadedModManager+<>c.<LoadModContent>b__13_1
at Verse.LongEventHandler.ExecuteToExecuteWhenFinished
at Verse.LongEventHandler.UpdateCurrentAsynchronousEvent
at Verse.LongEventHandler.LongEventsUpdate
at Verse.Root.Update
at Verse.Root_Entry.Update
<color=#B2B2B2>[2026-10-07 06:52:46.404] [ERROR] [Vanilla] </color>Mod Nelim's Pickle Tools - Screenshot Studio did not load any content. Following load folders were used:
  - /home/nelim/rimworld/Mods/local-nelim.pickletools.screenshotstudio
at Verse.LoadedModManager+<>c.<LoadModContent>b__13_1
at Verse.LongEventHandler.ExecuteToExecuteWhenFinished
at Verse.LongEventHandler.UpdateCurrentAsynchronousEvent
at Verse.LongEventHandler.LongEventsUpdate
at Verse.Root.Update
at Verse.Root_Entry.Update
<color=#B2B2B2>[2026-10-07 06:52:46.405] [ERROR] [Vanilla] </color>Mod Nelim's Pickle Tools - Camera zoom did not load any content. Following load folders were used:
  - /home/nelim/rimworld/Mods/local-nelim.pickletools.camerazoom
at Verse.LoadedModManager+<>c.<LoadModContent>b__13_1
at Verse.LongEventHandler.ExecuteToExecuteWhenFinished
at Verse.LongEventHandler.UpdateCurrentAsynchronousEvent
at Verse.LongEventHandler.LongEventsUpdate
at Verse.Root.Update
at Verse.Root_Entry.Update
<color=#B2B2B2>[2026-10-07 06:52:46.405] [ERROR] [Vanilla] </color>Mod Nelim's Pickle Tools - Stage decor did not load any content. Following load folders were used:
  - /home/nelim/rimworld/Mods/local-nelim.pickletools.stagedecor
at Verse.LoadedModManager+<>c.<LoadModContent>b__13_1
at Verse.LongEventHandler.ExecuteToExecuteWhenFinished
at Verse.LongEventHandler.UpdateCurrentAsynchronousEvent
at Verse.LongEventHandler.LongEventsUpdate
at Verse.Root.Update
at Verse.Root_Entry.Update
<color=#B2B2B2>[2026-10-07 06:52:46.406] [ERROR] [Vanilla] </color>Mod Nelim's Pickle Tools - Coat steps did not load any content. Following load folders were used:
  - /home/nelim/rimworld/Mods/local-nelim.pickletools.coatsteps
at Verse.LoadedModManager+<>c.<LoadModContent>b__13_1
at Verse.LongEventHandler.ExecuteToExecuteWhenFinished
at Verse.LongEventHandler.UpdateCurrentAsynchronousEvent
at Verse.LongEventHandler.LongEventsUpdate
at Verse.Root.Update
at Verse.Root_Entry.Update
<color=#B2B2B2>[2026-10-07 06:52:46.407] [ERROR] [Vanilla] </color>Mod Nelim's Pickle Tools - Clear screen did not load any content. Following load folders were used:
  - /home/nelim/rimworld/Mods/local-nelim.pickletools.clearscreen
at Verse.LoadedModManager+<>c.<LoadModContent>b__13_1
at Verse.LongEventHandler.ExecuteToExecuteWhenFinished
at Verse.LongEventHandler.UpdateCurrentAsynchronousEvent
at Verse.LongEventHandler.LongEventsUpdate
at Verse.Root.Update
at Verse.Root_Entry.Update
<color=#B2B2B2>[2026-10-07 06:52:46.407] [ERROR] [Vanilla] </color>Mod Nelim's Pickle Tools - standalone pass shell did not load any content. Following load folders were used:
  - /home/nelim/rimworld/Mods/local-nelim.pickletools
at Verse.LoadedModManager+<>c.<LoadModContent>b__13_1
at Verse.LongEventHandler.ExecuteToExecuteWhenFinished
at Verse.LongEventHandler.UpdateCurrentAsynchronousEvent
at Verse.LongEventHandler.LongEventsUpdate
at Verse.Root.Update
at Verse.Root_Entry.Update
<color=#B2B2B2>[2026-10-07 06:52:46.408] [ERROR] [Vanilla] </color>Mod TailorMade Waistlines - Pickle tests did not load any content. Following load folders were used:
  - /home/nelim/rimworld/Mods/TailorMadeWaistlinesPickleTests
at Verse.LoadedModManager+<>c.<LoadModContent>b__13_1
at Verse.LongEventHandler.ExecuteToExecuteWhenFinished
at Verse.LongEventHandler.UpdateCurrentAsynchronousEvent
at Verse.LongEventHandler.LongEventsUpdate
at Verse.Root.Update
at Verse.Root_Entry.Update
<color=#A5C2A5>[2026-10-07 06:52:46.577] [INFO] [Pickle] [home/runner/work/Rimworld-Pickle/Rimworld-Pickle/Source/Pickle/Patching/PatchBackends:105] </color>patched via Harmony {mod_id=rimworks.pickle}
at RimWorks.Pickle.Patching.PatchBackends.ApplyBest (home/runner/work/Rimworld-Pickle/Rimworld-Pickle/Source/Pickle/Patching/PatchBackends:105)
at Verse.LongEventHandler.ExecuteToExecuteWhenFinished
at Verse.LongEventHandler.UpdateCurrentAsynchronousEvent
at Verse.LongEventHandler.LongEventsUpdate
at Verse.Root.Update
at Verse.Root_Entry.Update
<color=#A5C2A5>[2026-10-07 06:52:47.989] [INFO] [Mod.nelim.tailormade.waistlines] </color>[TailorMade Waistlines] trousers: 0 textures read from General Textures Collection, 54 drawn onto AB's plain shells, 0 left to whichever mod supplies them, lowered by 0.03 of their height, children 0.07. {mod_id=nelim.tailormade.waistlines}
at TailorMadeWaistlines.TrouserArt.Apply
at Verse.LongEventHandler.ExecuteToExecuteWhenFinished
at Verse.LongEventHandler.UpdateCurrentAsynchronousEvent
at Verse.LongEventHandler.LongEventsUpdate
at Verse.Root.Update
at Verse.Root_Entry.Update
<color=#A5C2A5>[2026-10-07 06:52:48.558] [INFO] [Mod.nelim.tailormade.waistlines] </color>[TailorMade Waistlines] jackets and shirts: 0 textures redrawn to the trousers, 90 shirt textures cut on the underwear without TailorMade's resizing. {mod_id=nelim.tailormade.waistlines}
at TailorMadeWaistlines.JacketArt.Apply
at Verse.LongEventHandler.ExecuteToExecuteWhenFinished
at Verse.LongEventHandler.UpdateCurrentAsynchronousEvent
at Verse.LongEventHandler.LongEventsUpdate
at Verse.Root.Update
at Verse.Root_Entry.Update
<color=#B2B2B2>[2026-10-07 06:52:54.128] [WARN] [Vanilla] </color>Translation data for language English has 1 errors. Generate translation report for more info.
at Verse.LoadedLanguage.InjectIntoData_AfterImpliedDefs
at Verse.PlayDataLoader+<>c.<DoPlayLoad>b__4_3
at Verse.LongEventHandler.ExecuteToExecuteWhenFinished
at Verse.LongEventHandler.UpdateCurrentAsynchronousEvent
at Verse.LongEventHandler.LongEventsUpdate
at Verse.Root.Update
at Verse.Root_Entry.Update
<color=#A5C2A5>[2026-10-07 06:52:54.193] [INFO] [RimWorks.RimLogging] [Viewer/LogViewerBoot:35] </color>Log viewer sink registered {mod_id=rimworks.rimlogging}
at System.Runtime.CompilerServices.RuntimeHelpers.RunClassConstructor
at System.Runtime.CompilerServices.RuntimeHelpers.RunClassConstructor
at Verse.StaticConstructorOnStartupUtility.CallAll
at Verse.PlayDataLoader+<>c.<DoPlayLoad>b__4_4
at Verse.LongEventHandler.ExecuteToExecuteWhenFinished
at Verse.LongEventHandler.UpdateCurrentAsynchronousEvent
at Verse.LongEventHandler.LongEventsUpdate
at Verse.Root.Update
at Verse.Root_Entry.Update
Unloading 5 Unused Serialized files (Serialized files now loaded: 5)
Unloading 160 unused Assets to reduce memory usage. Loaded Objects now: 27285.
Total: 603.732490 ms (FindLiveObjects: 32.413583 ms CreateObjectMapping: 4.925772 ms MarkObjects: 564.826625 ms  DeleteObjects: 1.565498 ms)

<color=#A5C2A5>[2026-10-07 06:52:59.709] [INFO] [Pickle] [home/runner/work/Rimworld-Pickle/Rimworld-Pickle/Source/Pickle/Autorun/AutorunBootstrap:84] </color>autorun report dir = /mnt/c/Users/nelim/Documents/rimworld/pickle-reports {mod_id=rimworks.pickle}
at RimWorks.Pickle.Autorun.AutorunBootstrap+<RunAutorun>d__4.MoveNext (home/runner/work/Rimworld-Pickle/Rimworld-Pickle/Source/Pickle/Autorun/AutorunBootstrap:84)
at System.Runtime.CompilerServices.AsyncTaskMethodBuilder.Start
at RimWorks.Pickle.Autorun.AutorunBootstrap.RunAutorun
at RimWorks.Pickle.Autorun.AutorunBootstrap+<>c__DisplayClass2_0.<.cctor>b__0 (home/runner/work/Rimworld-Pickle/Rimworld-Pickle/Source/Pickle/Autorun/AutorunBootstrap:47)
at Verse.LongEventHandler.RunEventFromAnotherThread
at Verse.LongEventHandler+<>c.<UpdateCurrentAsynchronousEvent>b__28_0
at System.Threading.ThreadHelper.ThreadStart_Context
at System.Threading.ExecutionContext.RunInternal
at System.Threading.ExecutionContext.Run
at System.Threading.ExecutionContext.Run
at System.Threading.ThreadHelper.ThreadStart
<color=#A5C2A5>[2026-10-07 06:52:59.709] [INFO] [Pickle] [home/runner/work/Rimworld-Pickle/Rimworld-Pickle/Source/Pickle/Autorun/AutorunBootstrap:85] </color>autorun seed = 42 {mod_id=rimworks.pickle}
at RimWorks.Pickle.Autorun.AutorunBootstrap+<RunAutorun>d__4.MoveNext (home/runner/work/Rimworld-Pickle/Rimworld-Pickle/Source/Pickle/Autorun/AutorunBootstrap:85)
at System.Runtime.CompilerServices.AsyncTaskMethodBuilder.Start
at RimWorks.Pickle.Autorun.AutorunBootstrap.RunAutorun
at RimWorks.Pickle.Autorun.AutorunBootstrap+<>c__DisplayClass2_0.<.cctor>b__0 (home/runner/work/Rimworld-Pickle/Rimworld-Pickle/Source/Pickle/Autorun/AutorunBootstrap:47)
at Verse.LongEventHandler.RunEventFromAnotherThread
at Verse.LongEventHandler+<>c.<UpdateCurrentAsynchronousEvent>b__28_0
at System.Threading.ThreadHelper.ThreadStart_Context
at System.Threading.ExecutionContext.RunInternal
at System.Threading.ExecutionContext.Run
at System.Threading.ExecutionContext.Run
at System.Threading.ThreadHelper.ThreadStart
<color=#A5C2A5>[2026-10-07 06:52:59.709] [INFO] [Pickle] [home/runner/work/Rimworld-Pickle/Rimworld-Pickle/Source/Pickle/Autorun/AutorunBootstrap:86] </color>autorun retries = 0 {mod_id=rimworks.pickle}
at RimWorks.Pickle.Autorun.AutorunBootstrap+<RunAutorun>d__4.MoveNext (home/runner/work/Rimworld-Pickle/Rimworld-Pickle/Source/Pickle/Autorun/AutorunBootstrap:86)
at System.Runtime.CompilerServices.AsyncTaskMethodBuilder.Start
at RimWorks.Pickle.Autorun.AutorunBootstrap.RunAutorun
at RimWorks.Pickle.Autorun.AutorunBootstrap+<>c__DisplayClass2_0.<.cctor>b__0 (home/runner/work/Rimworld-Pickle/Rimworld-Pickle/Source/Pickle/Autorun/AutorunBootstrap:47)
at Verse.LongEventHandler.RunEventFromAnotherThread
at Verse.LongEventHandler+<>c.<UpdateCurrentAsynchronousEvent>b__28_0
at System.Threading.ThreadHelper.ThreadStart_Context
at System.Threading.ExecutionContext.RunInternal
at System.Threading.ExecutionContext.Run
at System.Threading.ExecutionContext.Run
at System.Threading.ThreadHelper.ThreadStart
<color=#A5C2A5>[2026-10-07 06:53:00.086] [INFO] [Pickle] [home/runner/work/Rimworld-Pickle/Rimworld-Pickle/Source/Pickle/Runtime/WindowSuppressionSteps:31] </color>scenario entry ten bodies, four outfits: suppression False, pending 0, answers False, windows [Dialog_MessageBox] {mod_id=rimworks.pickle}
at RimWorks.Pickle.Runtime.WindowSuppressionSteps.LogEntryState (home/runner/work/Rimworld-Pickle/Rimworld-Pickle/Source/Pickle/Runtime/WindowSuppressionSteps:31)
at System.Reflection.RuntimeMethodInfo.InternalInvoke
at System.Reflection.RuntimeMethodInfo.Invoke
at System.Reflection.MethodBase.Invoke
at RimWorks.Pickle.Run.RunSession+<InvokeHook>d__91.MoveNext (home/runner/work/Rimworld-Pickle/Rimworld-Pickle/Source/Pickle/Run/RunSession:679)
at System.Runtime.CompilerServices.AsyncTaskMethodBuilder.Start
at RimWorks.Pickle.Run.RunSession.InvokeHook
at RimWorks.Pickle.Run.RunSession+<RunBeforeHooks>d__89.MoveNext (home/runner/work/Rimworld-Pickle/Rimworld-Pickle/Source/Pickle/Run/RunSession:645)
at System.Runtime.CompilerServices.AsyncTaskMethodBuilder.Start
at RimWorks.Pickle.Run.RunSession.RunBeforeHooks
at RimWorks.Pickle.Run.RunSession+<RunScenario>d__86.MoveNext (home/runner/work/Rimworld-Pickle/Rimworld-Pickle/Source/Pickle/Run/RunSession:379)
at System.Runtime.CompilerServices.AsyncTaskMethodBuilder`1[[RimWorks.Pickle.Core.Run.ScenarioResult, RimWorks.Pickle.Core, Version=6.6.0.0, Culture=neutral, PublicKeyToken=null]].Start
at RimWorks.Pickle.Run.RunSession.RunScenario
at RimWorks.Pickle.Run.RunSession+<RunWithRetries>d__85.MoveNext (home/runner/work/Rimworld-Pickle/Rimworld-Pickle/Source/Pickle/Run/RunSession:333)
at System.Runtime.CompilerServices.AsyncTaskMethodBuilder`1[[RimWorks.Pickle.Core.Run.ScenarioResult, RimWorks.Pickle.Core, Version=6.6.0.0, Culture=neutral, PublicKeyToken=null]].Start
at RimWorks.Pickle.Run.RunSession.RunWithRetries
at RimWorks.Pickle.Run.RunSession+<RunFeature>d__78.MoveNext (home/runner/work/Rimworld-Pickle/Rimworld-Pickle/Source/Pickle/Run/RunSession:226)
at System.Runtime.CompilerServices.AsyncTaskMethodBuilder`1[[System.Collections.Generic.List`1[[RimWorks.Pickle.Core.Run.ScenarioResult, RimWorks.Pickle.Core, Version=6.6.0.0, Culture=neutral, PublicKeyToken=null]], mscorlib, Version=4.0.0.0, Culture=neutral, PublicKeyToken=b77a5c561934e089]].Start
at RimWorks.Pickle.Run.RunSession.RunFeature
at RimWorks.Pickle.Runtime.SuiteRunner+<Run>d__0.MoveNext (home/runner/work/Rimworld-Pickle/Rimworld-Pickle/Source/Pickle/Runtime/SuiteRunner:61)
at System.Runtime.CompilerServices.AsyncTaskMethodBuilder`1[[System.Collections.Generic.List`1[[RimWorks.Pickle.Core.Run.ScenarioResult, RimWorks.Pickle.Core, Version=6.6.0.0, Culture=neutral, PublicKeyToken=null]], mscorlib, Version=4.0.0.0, Culture=neutral, PublicKeyToken=b77a5c561934e089]].Start
at RimWorks.Pickle.Runtime.SuiteRunner.Run
at RimWorks.Pickle.Autorun.AutorunBootstrap+<RunAutorun>d__4.MoveNext (home/runner/work/Rimworld-Pickle/Rimworld-Pickle/Source/Pickle/Autorun/AutorunBootstrap:106)
at System.Runtime.CompilerServices.AsyncMethodBuilderCore+MoveNextRunner.InvokeMoveNext
at System.Threading.ExecutionContext.RunInternal
at System.Threading.ExecutionContext.Run
at System.Runtime.CompilerServices.AsyncMethodBuilderCore+MoveNextRunner.Run
at RimWorks.Pickle.Runtime.PickleDriver.Resolve (home/runner/work/Rimworld-Pickle/Rimworld-Pickle/Source/Pickle/Runtime/PickleDriver:304)
at RimWorks.Pickle.Runtime.PickleDriver.ScanWaits (home/runner/work/Rimworld-Pickle/Rimworld-Pickle/Source/Pickle/Runtime/PickleDriver:285)
at RimWorks.Pickle.Runtime.PickleDriver.Update (home/runner/work/Rimworld-Pickle/Rimworld-Pickle/Source/Pickle/Runtime/PickleDriver:257)
Unloading 3 Unused Serialized files (Serialized files now loaded: 5)
[PhysX] Initialized MultithreadedTaskDispatcher with 8 workers.
UnloadTime: 7.370343 ms
requesting resize 1920 x 1080
resizing window to 1920 x 1080
Desktop is 1920 x 1080 @ 0 Hz
Unloading 2 unused Assets to reduce memory usage. Loaded Objects now: 27479.
Total: 269.085774 ms (FindLiveObjects: 5.558695 ms CreateObjectMapping: 1.725543 ms MarkObjects: 261.724329 ms  DeleteObjects: 0.075965 ms)

<color=#B2B2B2>[2026-10-07 06:53:02.011] [INFO] [Vanilla] </color>Loading game from file __pickle_fixture with mods:
  - brrainz.harmony
  - Ludeon.RimWorld
  - Ludeon.RimWorld.Royalty
  - Ludeon.RimWorld.Ideology
  - Ludeon.RimWorld.Biotech
  - Ludeon.RimWorld.Anomaly
  - Ludeon.RimWorld.Odyssey
  - RimWorks.RimLogging
  - rimworks.pickle
  - tiagocc0.FemaleBodyVariants
  - tiagocc0.FemaleApparelVariants
  - WDI.Realistic.Bodies
  - AB.VPLRF
  - nelim.pickletools.colonistrace
  - nelim.pickletools.clickdiagnostics
  - nelim.pickletools.screenshotstudio
  - nelim.pickletools.camerazoom
  - nelim.pickletools.stagedecor
  - nelim.pickletools.coatsteps
  - nelim.pickletools.clearscreen
  - nelim.pickletools
  - nelim.tailormade.waistlines
  - nelim.tailormade.waistlines.pickletests
at Verse.SavedGameLoaderNow.LoadGameFromSaveFileNow
at Verse.Root_Play+<>c.<Start>b__1_1
at Verse.LongEventHandler.RunEventFromAnotherThread
at Verse.LongEventHandler+<>c.<UpdateCurrentAsynchronousEvent>b__28_0
at System.Threading.ThreadHelper.ThreadStart_Context
at System.Threading.ExecutionContext.RunInternal
at System.Threading.ExecutionContext.Run
at System.Threading.ExecutionContext.Run
at System.Threading.ThreadHelper.ThreadStart
<color=#B2B2B2>[2026-10-07 06:53:13.162] [WARN] [Vanilla] </color>Could not resolve reference to object with loadID Thing_EggChickenUnfertilized190832 of type Verse.Thing. Was it compressed away, destroyed, had no ID number, or not saved/loaded right? curParent=Ingest (Job_439814) curPathRelToParent=/targetA
at Verse.LoadedObjectDirectory.ObjectWithLoadID
at Verse.CrossRefHandler.TakeResolvedRef
at Verse.CrossRefHandler.TakeResolvedRef
at Verse.ScribeExtractor.ResolveLocalTargetInfo
at Verse.Scribe_TargetInfo.Look
at Verse.Scribe_TargetInfo.Look
at Verse.AI.Job.ExposeData
at Verse.CrossRefHandler.ResolveAllCrossReferences
at Verse.ScribeLoader.FinalizeLoading
at Verse.Game.LoadGame
at Verse.SavedGameLoaderNow.LoadGameFromSaveFileNow
at Verse.Root_Play+<>c.<Start>b__1_1
at Verse.LongEventHandler.RunEventFromAnotherThread
at Verse.LongEventHandler+<>c.<UpdateCurrentAsynchronousEvent>b__28_0
at System.Threading.ThreadHelper.ThreadStart_Context
at System.Threading.ExecutionContext.RunInternal
at System.Threading.ExecutionContext.Run
at System.Threading.ExecutionContext.Run
at System.Threading.ThreadHelper.ThreadStart
<color=#B2B2B2>[2026-10-07 06:53:13.163] [WARN] [Vanilla] </color>Could not resolve reference to object with loadID Thing_EggChickenUnfertilized190832 of type Verse.Thing. Was it compressed away, destroyed, had no ID number, or not saved/loaded right? curParent=Verse.AI.Pawn_PathFollower curPathRelToParent=/destination
at Verse.LoadedObjectDirectory.ObjectWithLoadID
at Verse.CrossRefHandler.TakeResolvedRef
at Verse.CrossRefHandler.TakeResolvedRef
at Verse.ScribeExtractor.ResolveLocalTargetInfo
at Verse.Scribe_TargetInfo.Look
at Verse.Scribe_TargetInfo.Look
at Verse.AI.Pawn_PathFollower.ExposeData
at Verse.CrossRefHandler.ResolveAllCrossReferences
at Verse.ScribeLoader.FinalizeLoading
at Verse.Game.LoadGame
at Verse.SavedGameLoaderNow.LoadGameFromSaveFileNow
at Verse.Root_Play+<>c.<Start>b__1_1
at Verse.LongEventHandler.RunEventFromAnotherThread
at Verse.LongEventHandler+<>c.<UpdateCurrentAsynchronousEvent>b__28_0
at System.Threading.ThreadHelper.ThreadStart_Context
at System.Threading.ExecutionContext.RunInternal
at System.Threading.ExecutionContext.Run
at System.Threading.ExecutionContext.Run
at System.Threading.ThreadHelper.ThreadStart
<color=#B2B2B2>[2026-10-07 06:53:13.165] [WARN] [Vanilla] </color>Could not resolve reference to object with loadID Thing_EggChickenUnfertilized190832 of type Verse.Thing. Was it compressed away, destroyed, had no ID number, or not saved/loaded right? curParent=Ingest (Job_438745) curPathRelToParent=/targetA
at Verse.LoadedObjectDirectory.ObjectWithLoadID
at Verse.CrossRefHandler.TakeResolvedRef
at Verse.CrossRefHandler.TakeResolvedRef
at Verse.ScribeExtractor.ResolveLocalTargetInfo
at Verse.Scribe_TargetInfo.Look
at Verse.Scribe_TargetInfo.Look
at Verse.AI.Job.ExposeData
at Verse.CrossRefHandler.ResolveAllCrossReferences
at Verse.ScribeLoader.FinalizeLoading
at Verse.Game.LoadGame
at Verse.SavedGameLoaderNow.LoadGameFromSaveFileNow
at Verse.Root_Play+<>c.<Start>b__1_1
at Verse.LongEventHandler.RunEventFromAnotherThread
at Verse.LongEventHandler+<>c.<UpdateCurrentAsynchronousEvent>b__28_0
at System.Threading.ThreadHelper.ThreadStart_Context
at System.Threading.ExecutionContext.RunInternal
at System.Threading.ExecutionContext.Run
at System.Threading.ExecutionContext.Run
at System.Threading.ThreadHelper.ThreadStart
<color=#B2B2B2>[2026-10-07 06:53:13.166] [WARN] [Vanilla] </color>Could not resolve reference to object with loadID Thing_EggChickenUnfertilized190832 of type Verse.Thing. Was it compressed away, destroyed, had no ID number, or not saved/loaded right? curParent=Verse.AI.Pawn_PathFollower curPathRelToParent=/destination
at Verse.LoadedObjectDirectory.ObjectWithLoadID
at Verse.CrossRefHandler.TakeResolvedRef
at Verse.CrossRefHandler.TakeResolvedRef
at Verse.ScribeExtractor.ResolveLocalTargetInfo
at Verse.Scribe_TargetInfo.Look
at Verse.Scribe_TargetInfo.Look
at Verse.AI.Pawn_PathFollower.ExposeData
at Verse.CrossRefHandler.ResolveAllCrossReferences
at Verse.ScribeLoader.FinalizeLoading
at Verse.Game.LoadGame
at Verse.SavedGameLoaderNow.LoadGameFromSaveFileNow
at Verse.Root_Play+<>c.<Start>b__1_1
at Verse.LongEventHandler.RunEventFromAnotherThread
at Verse.LongEventHandler+<>c.<UpdateCurrentAsynchronousEvent>b__28_0
at System.Threading.ThreadHelper.ThreadStart_Context
at System.Threading.ExecutionContext.RunInternal
at System.Threading.ExecutionContext.Run
at System.Threading.ExecutionContext.Run
at System.Threading.ThreadHelper.ThreadStart
<color=#B2B2B2>[2026-10-07 06:53:13.747] [ERROR] [Vanilla] </color>Exception in SetupToils for pawn YorkshireTerrier184778 driver=JobDriver_Ingest (toilIndex=1) driver.job=(Ingest (Job_439814) Giver = JobGiver_GetFood [workGiverDef: null])
System.NullReferenceException: Object reference not set to an instance of an object
[Ref 9312A755]
  at RimWorld.JobDriver_Ingest.get_ChewDurationMultiplier () [0x00007] in <b4d967f0d45a413fbb0223eefee4f2ae>:0 
  at RimWorld.JobDriver_Ingest+<MakeNewToils>d__19.MoveNext () [0x00051] in <b4d967f0d45a413fbb0223eefee4f2ae>:0 
  at Verse.AI.JobDriver.SetupToils () [0x00051] in <b4d967f0d45a413fbb0223eefee4f2ae>:0 
at Verse.AI.JobUtility.TryStartErrorRecoverJob
at Verse.AI.JobDriver.SetupToils
at Verse.AI.JobDriver.ExposeData
at RimWorld.JobDriver_Ingest.ExposeData
at Verse.PostLoadIniter.DoAllPostLoadInits
at Verse.ScribeLoader.FinalizeLoading
at Verse.Game.LoadGame
at Verse.SavedGameLoaderNow.LoadGameFromSaveFileNow
at Verse.Root_Play+<>c.<Start>b__1_1
at Verse.LongEventHandler.RunEventFromAnotherThread
at Verse.LongEventHandler+<>c.<UpdateCurrentAsynchronousEvent>b__28_0
at System.Threading.ThreadHelper.ThreadStart_Context
at System.Threading.ExecutionContext.RunInternal
at System.Threading.ExecutionContext.Run
at System.Threading.ExecutionContext.Run
at System.Threading.ThreadHelper.ThreadStart
<color=#B2B2B2>[2026-10-07 06:53:13.766] [ERROR] [Vanilla] </color>JobDriver threw exception in toil MakeNewToils's initAction for pawn YorkshireTerrier184778 driver=JobDriver_Wait (toilIndex=0) driver.job=(Wait (Job_440008))
System.NullReferenceException: Object reference not set to an instance of an object
[Ref B26CBB42]
  at Verse.AI.JobDriver_Wait.<MakeNewToils>b__3_0 () [0x00006] in <b4d967f0d45a413fbb0223eefee4f2ae>:0 
  at Verse.AI.JobDriver.TryActuallyStartNextToil () [0x001b0] in <b4d967f0d45a413fbb0223eefee4f2ae>:0 
at Verse.AI.JobUtility.TryStartErrorRecoverJob
at Verse.AI.JobDriver.TryActuallyStartNextToil
at Verse.AI.JobDriver.ReadyForNextToil
at Verse.AI.Pawn_JobTracker.StartJob
at Verse.AI.JobUtility.TryStartErrorRecoverJob
at Verse.AI.JobDriver.SetupToils
at Verse.AI.JobDriver.ExposeData
at RimWorld.JobDriver_Ingest.ExposeData
at Verse.PostLoadIniter.DoAllPostLoadInits
at Verse.ScribeLoader.FinalizeLoading
at Verse.Game.LoadGame
at Verse.SavedGameLoaderNow.LoadGameFromSaveFileNow
at Verse.Root_Play+<>c.<Start>b__1_1
at Verse.LongEventHandler.RunEventFromAnotherThread
at Verse.LongEventHandler+<>c.<UpdateCurrentAsynchronousEvent>b__28_0
at System.Threading.ThreadHelper.ThreadStart_Context
at System.Threading.ExecutionContext.RunInternal
at System.Threading.ExecutionContext.Run
at System.Threading.ExecutionContext.Run
at System.Threading.ThreadHelper.ThreadStart
<color=#B2B2B2>[2026-10-07 06:53:13.775] [ERROR] [Vanilla] </color>An error occurred while starting an error recover job. We have to stop now to avoid infinite loops. This means that the pawn is now jobless which can cause further bugs. pawn=YorkshireTerrier184778
at Verse.AI.JobUtility.TryStartErrorRecoverJob
at Verse.AI.JobDriver.TryActuallyStartNextToil
at Verse.AI.JobDriver.ReadyForNextToil
at Verse.AI.Pawn_JobTracker.StartJob
at Verse.AI.JobUtility.TryStartErrorRecoverJob
at Verse.AI.JobDriver.SetupToils
at Verse.AI.JobDriver.ExposeData
at RimWorld.JobDriver_Ingest.ExposeData
at Verse.PostLoadIniter.DoAllPostLoadInits
at Verse.ScribeLoader.FinalizeLoading
at Verse.Game.LoadGame
at Verse.SavedGameLoaderNow.LoadGameFromSaveFileNow
at Verse.Root_Play+<>c.<Start>b__1_1
at Verse.LongEventHandler.RunEventFromAnotherThread
at Verse.LongEventHandler+<>c.<UpdateCurrentAsynchronousEvent>b__28_0
at System.Threading.ThreadHelper.ThreadStart_Context
at System.Threading.ExecutionContext.RunInternal
at System.Threading.ExecutionContext.Run
at System.Threading.ExecutionContext.Run
at System.Threading.ThreadHelper.ThreadStart
<color=#B2B2B2>[2026-10-07 06:53:13.780] [ERROR] [Vanilla] </color>Exception in SetupToils for pawn YorkshireTerrier184780 driver=JobDriver_Ingest (toilIndex=1) driver.job=(Ingest (Job_438745) Giver = JobGiver_GetFood [workGiverDef: null])
System.NullReferenceException: Object reference not set to an instance of an object
[Ref 9312A755]
  at RimWorld.JobDriver_Ingest.get_ChewDurationMultiplier () [0x00007] in <b4d967f0d45a413fbb0223eefee4f2ae>:0 
  at RimWorld.JobDriver_Ingest+<MakeNewToils>d__19.MoveNext () [0x00051] in <b4d967f0d45a413fbb0223eefee4f2ae>:0 
  at Verse.AI.JobDriver.SetupToils () [0x00051] in <b4d967f0d45a413fbb0223eefee4f2ae>:0 
at Verse.AI.JobUtility.TryStartErrorRecoverJob
at Verse.AI.JobDriver.SetupToils
at Verse.AI.JobDriver.ExposeData
at RimWorld.JobDriver_Ingest.ExposeData
at Verse.PostLoadIniter.DoAllPostLoadInits
at Verse.ScribeLoader.FinalizeLoading
at Verse.Game.LoadGame
at Verse.SavedGameLoaderNow.LoadGameFromSaveFileNow
at Verse.Root_Play+<>c.<Start>b__1_1
at Verse.LongEventHandler.RunEventFromAnotherThread
at Verse.LongEventHandler+<>c.<UpdateCurrentAsynchronousEvent>b__28_0
at System.Threading.ThreadHelper.ThreadStart_Context
at System.Threading.ExecutionContext.RunInternal
at System.Threading.ExecutionContext.Run
at System.Threading.ExecutionContext.Run
at System.Threading.ThreadHelper.ThreadStart
<color=#B2B2B2>[2026-10-07 06:53:13.786] [ERROR] [Vanilla] </color>JobDriver threw exception in toil MakeNewToils's initAction for pawn YorkshireTerrier184780 driver=JobDriver_Wait (toilIndex=0) driver.job=(Wait (Job_440009))
System.NullReferenceException: Object reference not set to an instance of an object
[Ref B26CBB42]
  at Verse.AI.JobDriver_Wait.<MakeNewToils>b__3_0 () [0x00006] in <b4d967f0d45a413fbb0223eefee4f2ae>:0 
  at Verse.AI.JobDriver.TryActuallyStartNextToil () [0x001b0] in <b4d967f0d45a413fbb0223eefee4f2ae>:0 
at Verse.AI.JobUtility.TryStartErrorRecoverJob
at Verse.AI.JobDriver.TryActuallyStartNextToil
at Verse.AI.JobDriver.ReadyForNextToil
at Verse.AI.Pawn_JobTracker.StartJob
at Verse.AI.JobUtility.TryStartErrorRecoverJob
at Verse.AI.JobDriver.SetupToils
at Verse.AI.JobDriver.ExposeData
at RimWorld.JobDriver_Ingest.ExposeData
at Verse.PostLoadIniter.DoAllPostLoadInits
at Verse.ScribeLoader.FinalizeLoading
at Verse.Game.LoadGame
at Verse.SavedGameLoaderNow.LoadGameFromSaveFileNow
at Verse.Root_Play+<>c.<Start>b__1_1
at Verse.LongEventHandler.RunEventFromAnotherThread
at Verse.LongEventHandler+<>c.<UpdateCurrentAsynchronousEvent>b__28_0
at System.Threading.ThreadHelper.ThreadStart_Context
at System.Threading.ExecutionContext.RunInternal
at System.Threading.ExecutionContext.Run
at System.Threading.ExecutionContext.Run
at System.Threading.ThreadHelper.ThreadStart
<color=#B2B2B2>[2026-10-07 06:53:13.790] [ERROR] [Vanilla] </color>An error occurred while starting an error recover job. We have to stop now to avoid infinite loops. This means that the pawn is now jobless which can cause further bugs. pawn=YorkshireTerrier184780
at Verse.AI.JobUtility.TryStartErrorRecoverJob
at Verse.AI.JobDriver.TryActuallyStartNextToil
at Verse.AI.JobDriver.ReadyForNextToil
at Verse.AI.Pawn_JobTracker.StartJob
at Verse.AI.JobUtility.TryStartErrorRecoverJob
at Verse.AI.JobDriver.SetupToils
at Verse.AI.JobDriver.ExposeData
at RimWorld.JobDriver_Ingest.ExposeData
at Verse.PostLoadIniter.DoAllPostLoadInits
at Verse.ScribeLoader.FinalizeLoading
at Verse.Game.LoadGame
at Verse.SavedGameLoaderNow.LoadGameFromSaveFileNow
at Verse.Root_Play+<>c.<Start>b__1_1
at Verse.LongEventHandler.RunEventFromAnotherThread
at Verse.LongEventHandler+<>c.<UpdateCurrentAsynchronousEvent>b__28_0
at System.Threading.ThreadHelper.ThreadStart_Context
at System.Threading.ExecutionContext.RunInternal
at System.Threading.ExecutionContext.Run
at System.Threading.ExecutionContext.Run
at System.Threading.ThreadHelper.ThreadStart
Unloading 0 Unused Serialized files (Serialized files now loaded: 5)
Unloading 1 unused Assets to reduce memory usage. Loaded Objects now: 32596.
Total: 468.977833 ms (FindLiveObjects: 8.969332 ms CreateObjectMapping: 2.587292 ms MarkObjects: 457.273496 ms  DeleteObjects: 0.146148 ms)

<color=#A5C2A5>[2026-10-07 06:53:46.298] [INFO] [Mod.Unknown] [home/runner/work/Rimworld-Pickle/Rimworld-Pickle/Source/Pickle/Runtime/PickleDriver:304] </color>[frame] calm-zone-close: asked (200, 185) zoom 2.8, camera at (200, 0, 185), root size 2.8, sky glow 1.00
at Nelim.PickleTools.ScreenshotStudio.StudioSteps+<FrameSanctuary>d__22.MoveNext
at System.Runtime.CompilerServices.AsyncMethodBuilderCore+MoveNextRunner.InvokeMoveNext
at System.Threading.ExecutionContext.RunInternal
at System.Threading.ExecutionContext.Run
at System.Runtime.CompilerServices.AsyncMethodBuilderCore+MoveNextRunner.Run
at RimWorks.Pickle.Runtime.PickleDriver.Resolve (home/runner/work/Rimworld-Pickle/Rimworld-Pickle/Source/Pickle/Runtime/PickleDriver:304)
at RimWorks.Pickle.Runtime.PickleDriver.ScanWaits (home/runner/work/Rimworld-Pickle/Rimworld-Pickle/Source/Pickle/Runtime/PickleDriver:285)
at RimWorks.Pickle.Runtime.PickleDriver.Update (home/runner/work/Rimworld-Pickle/Rimworld-Pickle/Source/Pickle/Runtime/PickleDriver:257)
<color=#A5C2A5>[2026-10-07 06:54:03.793] [INFO] [Mod.Unknown] [home/runner/work/Rimworld-Pickle/Rimworld-Pickle/Source/Pickle/Runtime/PickleDriver:304] </color>[frame] calm-zone-close: asked (200, 185) zoom 2.8, camera at (200, 0, 185), root size 2.8, sky glow 1.00
at Nelim.PickleTools.ScreenshotStudio.StudioSteps+<FrameSanctuary>d__22.MoveNext
at System.Runtime.CompilerServices.AsyncMethodBuilderCore+MoveNextRunner.InvokeMoveNext
at System.Threading.ExecutionContext.RunInternal
at System.Threading.ExecutionContext.Run
at System.Runtime.CompilerServices.AsyncMethodBuilderCore+MoveNextRunner.Run
at RimWorks.Pickle.Runtime.PickleDriver.Resolve (home/runner/work/Rimworld-Pickle/Rimworld-Pickle/Source/Pickle/Runtime/PickleDriver:304)
at RimWorks.Pickle.Runtime.PickleDriver.ScanWaits (home/runner/work/Rimworld-Pickle/Rimworld-Pickle/Source/Pickle/Runtime/PickleDriver:285)
at RimWorks.Pickle.Runtime.PickleDriver.Update (home/runner/work/Rimworld-Pickle/Rimworld-Pickle/Source/Pickle/Runtime/PickleDriver:257)
<color=#A5C2A5>[2026-10-07 06:54:25.933] [INFO] [Mod.Unknown] [home/runner/work/Rimworld-Pickle/Rimworld-Pickle/Source/Pickle/Runtime/PickleDriver:304] </color>[frame] calm-zone-close: asked (200, 185) zoom 2.8, camera at (200, 0, 185), root size 2.8, sky glow 1.00
at Nelim.PickleTools.ScreenshotStudio.StudioSteps+<FrameSanctuary>d__22.MoveNext
at System.Runtime.CompilerServices.AsyncMethodBuilderCore+MoveNextRunner.InvokeMoveNext
at System.Threading.ExecutionContext.RunInternal
at System.Threading.ExecutionContext.Run
at System.Runtime.CompilerServices.AsyncMethodBuilderCore+MoveNextRunner.Run
at RimWorks.Pickle.Runtime.PickleDriver.Resolve (home/runner/work/Rimworld-Pickle/Rimworld-Pickle/Source/Pickle/Runtime/PickleDriver:304)
at RimWorks.Pickle.Runtime.PickleDriver.ScanWaits (home/runner/work/Rimworld-Pickle/Rimworld-Pickle/Source/Pickle/Runtime/PickleDriver:285)
at RimWorks.Pickle.Runtime.PickleDriver.Update (home/runner/work/Rimworld-Pickle/Rimworld-Pickle/Source/Pickle/Runtime/PickleDriver:257)
<color=#A5C2A5>[2026-10-07 06:54:50.869] [INFO] [Mod.Unknown] [home/runner/work/Rimworld-Pickle/Rimworld-Pickle/Source/Pickle/Runtime/PickleDriver:304] </color>[frame] calm-zone-close: asked (200, 185) zoom 2.8, camera at (200, 0, 185), root size 2.8, sky glow 1.00
at Nelim.PickleTools.ScreenshotStudio.StudioSteps+<FrameSanctuary>d__22.MoveNext
at System.Runtime.CompilerServices.AsyncMethodBuilderCore+MoveNextRunner.InvokeMoveNext
at System.Threading.ExecutionContext.RunInternal
at System.Threading.ExecutionContext.Run
at System.Runtime.CompilerServices.AsyncMethodBuilderCore+MoveNextRunner.Run
at RimWorks.Pickle.Runtime.PickleDriver.Resolve (home/runner/work/Rimworld-Pickle/Rimworld-Pickle/Source/Pickle/Runtime/PickleDriver:304)
at RimWorks.Pickle.Runtime.PickleDriver.ScanWaits (home/runner/work/Rimworld-Pickle/Rimworld-Pickle/Source/Pickle/Runtime/PickleDriver:285)
at RimWorks.Pickle.Runtime.PickleDriver.Update (home/runner/work/Rimworld-Pickle/Rimworld-Pickle/Source/Pickle/Runtime/PickleDriver:257)
<color=#A5C2A5>[2026-10-07 06:54:55.960] [INFO] [Pickle] [home/runner/work/Rimworld-Pickle/Rimworld-Pickle/Source/Pickle/Run/RunSession:265] </color>passed in 107356ms: the fitting, for the gallery: ten bodies, four outfits {mod_id=rimworks.pickle}
at RimWorks.Pickle.Run.RunSession.LogScenarioProgress (home/runner/work/Rimworld-Pickle/Rimworld-Pickle/Source/Pickle/Run/RunSession:265)
at RimWorks.Pickle.Run.RunSession+<RunFeature>d__78.MoveNext (home/runner/work/Rimworld-Pickle/Rimworld-Pickle/Source/Pickle/Run/RunSession:230)
at System.Runtime.CompilerServices.AsyncMethodBuilderCore+MoveNextRunner.InvokeMoveNext
at System.Threading.ExecutionContext.RunInternal
at System.Threading.ExecutionContext.Run
at System.Runtime.CompilerServices.AsyncMethodBuilderCore+MoveNextRunner.Run
at System.Threading.Tasks.AwaitTaskContinuation.InvokeAction
at System.Threading.Tasks.AwaitTaskContinuation.RunCallback
at System.Threading.Tasks.SynchronizationContextAwaitTaskContinuation.Run
at System.Threading.Tasks.Task.FinishContinuations
at System.Threading.Tasks.Task.FinishStageThree
at System.Threading.Tasks.Task`1[[RimWorks.Pickle.Core.Run.ScenarioResult, RimWorks.Pickle.Core, Version=6.6.0.0, Culture=neutral, PublicKeyToken=null]].TrySetResult
at System.Runtime.CompilerServices.AsyncTaskMethodBuilder`1[[RimWorks.Pickle.Core.Run.ScenarioResult, RimWorks.Pickle.Core, Version=6.6.0.0, Culture=neutral, PublicKeyToken=null]].SetResult
at RimWorks.Pickle.Run.RunSession+<RunWithRetries>d__85.MoveNext (home/runner/work/Rimworld-Pickle/Rimworld-Pickle/Source/Pickle/Run/RunSession:351)
at System.Runtime.CompilerServices.AsyncMethodBuilderCore+MoveNextRunner.InvokeMoveNext
at System.Threading.ExecutionContext.RunInternal
at System.Threading.ExecutionContext.Run
at System.Runtime.CompilerServices.AsyncMethodBuilderCore+MoveNextRunner.Run
at System.Threading.Tasks.AwaitTaskContinuation.InvokeAction
at System.Threading.Tasks.AwaitTaskContinuation.RunCallback
at System.Threading.Tasks.SynchronizationContextAwaitTaskContinuation.Run
at System.Threading.Tasks.Task.FinishContinuations
at System.Threading.Tasks.Task.FinishStageThree
at System.Threading.Tasks.Task`1[[RimWorks.Pickle.Core.Run.ScenarioResult, RimWorks.Pickle.Core, Version=6.6.0.0, Culture=neutral, PublicKeyToken=null]].TrySetResult
at System.Runtime.CompilerServices.AsyncTaskMethodBuilder`1[[RimWorks.Pickle.Core.Run.ScenarioResult, RimWorks.Pickle.Core, Version=6.6.0.0, Culture=neutral, PublicKeyToken=null]].SetResult
at RimWorks.Pickle.Run.RunSession+<RunScenario>d__86.MoveNext (home/runner/work/Rimworld-Pickle/Rimworld-Pickle/Source/Pickle/Run/RunSession:501)
at System.Runtime.CompilerServices.AsyncMethodBuilderCore+MoveNextRunner.InvokeMoveNext
at System.Threading.ExecutionContext.RunInternal
at System.Threading.ExecutionContext.Run
at System.Runtime.CompilerServices.AsyncMethodBuilderCore+MoveNextRunner.Run
at System.Threading.Tasks.AwaitTaskContinuation.InvokeAction
at System.Threading.Tasks.AwaitTaskContinuation.RunCallback
at System.Threading.Tasks.SynchronizationContextAwaitTaskContinuation.Run
at System.Threading.Tasks.Task.FinishContinuations
at System.Threading.Tasks.Task.FinishStageThree
at System.Threading.Tasks.Task`1[[RimWorks.Pickle.Core.Run.StepResult, RimWorks.Pickle.Core, Version=6.6.0.0, Culture=neutral, PublicKeyToken=null]].TrySetResult
at System.Runtime.CompilerServices.AsyncTaskMethodBuilder`1[[RimWorks.Pickle.Core.Run.StepResult, RimWorks.Pickle.Core, Version=6.6.0.0, Culture=neutral, PublicKeyToken=null]].SetResult
at RimWorks.Pickle.Run.RunSession+<RunStep>d__87.MoveNext (home/runner/work/Rimworld-Pickle/Rimworld-Pickle/Source/Pickle/Run/RunSession:607)
at System.Runtime.CompilerServices.AsyncMethodBuilderCore+MoveNextRunner.InvokeMoveNext
at System.Threading.ExecutionContext.RunInternal
at System.Threading.ExecutionContext.Run
at System.Runtime.CompilerServices.AsyncMethodBuilderCore+MoveNextRunner.Run
at RimWorks.Pickle.Runtime.PickleDriver.Resolve (home/runner/work/Rimworld-Pickle/Rimworld-Pickle/Source/Pickle/Runtime/PickleDriver:304)
at RimWorks.Pickle.Runtime.PickleDriver.ScanWaits (home/runner/work/Rimworld-Pickle/Rimworld-Pickle/Source/Pickle/Runtime/PickleDriver:285)
at RimWorks.Pickle.Runtime.PickleDriver.Update (home/runner/work/Rimworld-Pickle/Rimworld-Pickle/Source/Pickle/Runtime/PickleDriver:257)
<color=#A5C2A5>[2026-10-07 06:54:55.962] [INFO] [Pickle] [home/runner/work/Rimworld-Pickle/Rimworld-Pickle/Source/Pickle/Run/RunSession:247] </color>run finished: 1 passed, 0 failed, 0 skipped {mod_id=rimworks.pickle}
at RimWorks.Pickle.Run.RunSession+<RunFeature>d__78.MoveNext (home/runner/work/Rimworld-Pickle/Rimworld-Pickle/Source/Pickle/Run/RunSession:247)
at System.Runtime.CompilerServices.AsyncMethodBuilderCore+MoveNextRunner.InvokeMoveNext
at System.Threading.ExecutionContext.RunInternal
at System.Threading.ExecutionContext.Run
at System.Runtime.CompilerServices.AsyncMethodBuilderCore+MoveNextRunner.Run
at System.Threading.Tasks.AwaitTaskContinuation.InvokeAction
at System.Threading.Tasks.AwaitTaskContinuation.RunCallback
at System.Threading.Tasks.SynchronizationContextAwaitTaskContinuation.Run
at System.Threading.Tasks.Task.FinishContinuations
at System.Threading.Tasks.Task.FinishStageThree
at System.Threading.Tasks.Task`1[[RimWorks.Pickle.Core.Run.ScenarioResult, RimWorks.Pickle.Core, Version=6.6.0.0, Culture=neutral, PublicKeyToken=null]].TrySetResult
at System.Runtime.CompilerServices.AsyncTaskMethodBuilder`1[[RimWorks.Pickle.Core.Run.ScenarioResult, RimWorks.Pickle.Core, Version=6.6.0.0, Culture=neutral, PublicKeyToken=null]].SetResult
at RimWorks.Pickle.Run.RunSession+<RunWithRetries>d__85.MoveNext (home/runner/work/Rimworld-Pickle/Rimworld-Pickle/Source/Pickle/Run/RunSession:351)
at System.Runtime.CompilerServices.AsyncMethodBuilderCore+MoveNextRunner.InvokeMoveNext
at System.Threading.ExecutionContext.RunInternal
at System.Threading.ExecutionContext.Run
at System.Runtime.CompilerServices.AsyncMethodBuilderCore+MoveNextRunner.Run
at System.Threading.Tasks.AwaitTaskContinuation.InvokeAction
at System.Threading.Tasks.AwaitTaskContinuation.RunCallback
at System.Threading.Tasks.SynchronizationContextAwaitTaskContinuation.Run
at System.Threading.Tasks.Task.FinishContinuations
at System.Threading.Tasks.Task.FinishStageThree
at System.Threading.Tasks.Task`1[[RimWorks.Pickle.Core.Run.ScenarioResult, RimWorks.Pickle.Core, Version=6.6.0.0, Culture=neutral, PublicKeyToken=null]].TrySetResult
at System.Runtime.CompilerServices.AsyncTaskMethodBuilder`1[[RimWorks.Pickle.Core.Run.ScenarioResult, RimWorks.Pickle.Core, Version=6.6.0.0, Culture=neutral, PublicKeyToken=null]].SetResult
at RimWorks.Pickle.Run.RunSession+<RunScenario>d__86.MoveNext (home/runner/work/Rimworld-Pickle/Rimworld-Pickle/Source/Pickle/Run/RunSession:501)
at System.Runtime.CompilerServices.AsyncMethodBuilderCore+MoveNextRunner.InvokeMoveNext
at System.Threading.ExecutionContext.RunInternal
at System.Threading.ExecutionContext.Run
at System.Runtime.CompilerServices.AsyncMethodBuilderCore+MoveNextRunner.Run
at System.Threading.Tasks.AwaitTaskContinuation.InvokeAction
at System.Threading.Tasks.AwaitTaskContinuation.RunCallback
at System.Threading.Tasks.SynchronizationContextAwaitTaskContinuation.Run
at System.Threading.Tasks.Task.FinishContinuations
at System.Threading.Tasks.Task.FinishStageThree
at System.Threading.Tasks.Task`1[[RimWorks.Pickle.Core.Run.StepResult, RimWorks.Pickle.Core, Version=6.6.0.0, Culture=neutral, PublicKeyToken=null]].TrySetResult
at System.Runtime.CompilerServices.AsyncTaskMethodBuilder`1[[RimWorks.Pickle.Core.Run.StepResult, RimWorks.Pickle.Core, Version=6.6.0.0, Culture=neutral, PublicKeyToken=null]].SetResult
at RimWorks.Pickle.Run.RunSession+<RunStep>d__87.MoveNext (home/runner/work/Rimworld-Pickle/Rimworld-Pickle/Source/Pickle/Run/RunSession:607)
at System.Runtime.CompilerServices.AsyncMethodBuilderCore+MoveNextRunner.InvokeMoveNext
at System.Threading.ExecutionContext.RunInternal
at System.Threading.ExecutionContext.Run
at System.Runtime.CompilerServices.AsyncMethodBuilderCore+MoveNextRunner.Run
at RimWorks.Pickle.Runtime.PickleDriver.Resolve (home/runner/work/Rimworld-Pickle/Rimworld-Pickle/Source/Pickle/Runtime/PickleDriver:304)
at RimWorks.Pickle.Runtime.PickleDriver.ScanWaits (home/runner/work/Rimworld-Pickle/Rimworld-Pickle/Source/Pickle/Runtime/PickleDriver:285)
at RimWorks.Pickle.Runtime.PickleDriver.Update (home/runner/work/Rimworld-Pickle/Rimworld-Pickle/Source/Pickle/Runtime/PickleDriver:257)
<color=#A5C2A5>[2026-10-07 06:54:55.964] [INFO] [Pickle] [home/runner/work/Rimworld-Pickle/Rimworld-Pickle/Source/Pickle/Runtime/SuiteRunner:84] </color>suite passed {mod_id=rimworks.pickle}
at RimWorks.Pickle.Runtime.SuiteRunner+<Run>d__0.MoveNext (home/runner/work/Rimworld-Pickle/Rimworld-Pickle/Source/Pickle/Runtime/SuiteRunner:84)
at System.Runtime.CompilerServices.AsyncMethodBuilderCore+MoveNextRunner.InvokeMoveNext
at System.Threading.ExecutionContext.RunInternal
at System.Threading.ExecutionContext.Run
at System.Runtime.CompilerServices.AsyncMethodBuilderCore+MoveNextRunner.Run
at System.Threading.Tasks.AwaitTaskContinuation.InvokeAction
at System.Threading.Tasks.AwaitTaskContinuation.RunCallback
at System.Threading.Tasks.SynchronizationContextAwaitTaskContinuation.Run
at System.Threading.Tasks.Task.FinishContinuations
at System.Threading.Tasks.Task.FinishStageThree
at System.Threading.Tasks.Task`1[[System.Collections.Generic.List`1[[RimWorks.Pickle.Core.Run.ScenarioResult, RimWorks.Pickle.Core, Version=6.6.0.0, Culture=neutral, PublicKeyToken=null]], mscorlib, Version=4.0.0.0, Culture=neutral, PublicKeyToken=b77a5c561934e089]].TrySetResult
at System.Runtime.CompilerServices.AsyncTaskMethodBuilder`1[[System.Collections.Generic.List`1[[RimWorks.Pickle.Core.Run.ScenarioResult, RimWorks.Pickle.Core, Version=6.6.0.0, Culture=neutral, PublicKeyToken=null]], mscorlib, Version=4.0.0.0, Culture=neutral, PublicKeyToken=b77a5c561934e089]].SetResult
at RimWorks.Pickle.Run.RunSession+<RunFeature>d__78.MoveNext (home/runner/work/Rimworld-Pickle/Rimworld-Pickle/Source/Pickle/Run/RunSession:252)
at System.Runtime.CompilerServices.AsyncMethodBuilderCore+MoveNextRunner.InvokeMoveNext
at System.Threading.ExecutionContext.RunInternal
at System.Threading.ExecutionContext.Run
at System.Runtime.CompilerServices.AsyncMethodBuilderCore+MoveNextRunner.Run
at System.Threading.Tasks.AwaitTaskContinuation.InvokeAction
at System.Threading.Tasks.AwaitTaskContinuation.RunCallback
at System.Threading.Tasks.SynchronizationContextAwaitTaskContinuation.Run
at System.Threading.Tasks.Task.FinishContinuations
at System.Threading.Tasks.Task.FinishStageThree
at System.Threading.Tasks.Task`1[[RimWorks.Pickle.Core.Run.ScenarioResult, RimWorks.Pickle.Core, Version=6.6.0.0, Culture=neutral, PublicKeyToken=null]].TrySetResult
at System.Runtime.CompilerServices.AsyncTaskMethodBuilder`1[[RimWorks.Pickle.Core.Run.ScenarioResult, RimWorks.Pickle.Core, Version=6.6.0.0, Culture=neutral, PublicKeyToken=null]].SetResult
at RimWorks.Pickle.Run.RunSession+<RunWithRetries>d__85.MoveNext (home/runner/work/Rimworld-Pickle/Rimworld-Pickle/Source/Pickle/Run/RunSession:351)
at System.Runtime.CompilerServices.AsyncMethodBuilderCore+MoveNextRunner.InvokeMoveNext
at System.Threading.ExecutionContext.RunInternal
at System.Threading.ExecutionContext.Run
at System.Runtime.CompilerServices.AsyncMethodBuilderCore+MoveNextRunner.Run
at System.Threading.Tasks.AwaitTaskContinuation.InvokeAction
at System.Threading.Tasks.AwaitTaskContinuation.RunCallback
at System.Threading.Tasks.SynchronizationContextAwaitTaskContinuation.Run
at System.Threading.Tasks.Task.FinishContinuations
at System.Threading.Tasks.Task.FinishStageThree
at System.Threading.Tasks.Task`1[[RimWorks.Pickle.Core.Run.ScenarioResult, RimWorks.Pickle.Core, Version=6.6.0.0, Culture=neutral, PublicKeyToken=null]].TrySetResult
at System.Runtime.CompilerServices.AsyncTaskMethodBuilder`1[[RimWorks.Pickle.Core.Run.ScenarioResult, RimWorks.Pickle.Core, Version=6.6.0.0, Culture=neutral, PublicKeyToken=null]].SetResult
at RimWorks.Pickle.Run.RunSession+<RunScenario>d__86.MoveNext (home/runner/work/Rimworld-Pickle/Rimworld-Pickle/Source/Pickle/Run/RunSession:501)
at System.Runtime.CompilerServices.AsyncMethodBuilderCore+MoveNextRunner.InvokeMoveNext
at System.Threading.ExecutionContext.RunInternal
at System.Threading.ExecutionContext.Run
at System.Runtime.CompilerServices.AsyncMethodBuilderCore+MoveNextRunner.Run
at System.Threading.Tasks.AwaitTaskContinuation.InvokeAction
at System.Threading.Tasks.AwaitTaskContinuation.RunCallback
at System.Threading.Tasks.SynchronizationContextAwaitTaskContinuation.Run
at System.Threading.Tasks.Task.FinishContinuations
at System.Threading.Tasks.Task.FinishStageThree
at System.Threading.Tasks.Task`1[[RimWorks.Pickle.Core.Run.StepResult, RimWorks.Pickle.Core, Version=6.6.0.0, Culture=neutral, PublicKeyToken=null]].TrySetResult
at System.Runtime.CompilerServices.AsyncTaskMethodBuilder`1[[RimWorks.Pickle.Core.Run.StepResult, RimWorks.Pickle.Core, Version=6.6.0.0, Culture=neutral, PublicKeyToken=null]].SetResult
at RimWorks.Pickle.Run.RunSession+<RunStep>d__87.MoveNext (home/runner/work/Rimworld-Pickle/Rimworld-Pickle/Source/Pickle/Run/RunSession:607)
at System.Runtime.CompilerServices.AsyncMethodBuilderCore+MoveNextRunner.InvokeMoveNext
at System.Threading.ExecutionContext.RunInternal
at System.Threading.ExecutionContext.Run
at System.Runtime.CompilerServices.AsyncMethodBuilderCore+MoveNextRunner.Run
at RimWorks.Pickle.Runtime.PickleDriver.Resolve (home/runner/work/Rimworld-Pickle/Rimworld-Pickle/Source/Pickle/Runtime/PickleDriver:304)
at RimWorks.Pickle.Runtime.PickleDriver.ScanWaits (home/runner/work/Rimworld-Pickle/Rimworld-Pickle/Source/Pickle/Runtime/PickleDriver:285)
at RimWorks.Pickle.Runtime.PickleDriver.Update (home/runner/work/Rimworld-Pickle/Rimworld-Pickle/Source/Pickle/Runtime/PickleDriver:257)
<color=#A5C2A5>[2026-10-07 06:54:58.702] [INFO] [Pickle] [home/runner/work/Rimworld-Pickle/Rimworld-Pickle/Source/Pickle/Autorun/AutorunBootstrap:149] </color>autorun exit code = 0 {mod_id=rimworks.pickle}
at RimWorks.Pickle.Autorun.AutorunBootstrap+<RunAutorun>d__4.MoveNext (home/runner/work/Rimworld-Pickle/Rimworld-Pickle/Source/Pickle/Autorun/AutorunBootstrap:149)
at System.Runtime.CompilerServices.AsyncMethodBuilderCore+MoveNextRunner.InvokeMoveNext
at System.Threading.ExecutionContext.RunInternal
at System.Threading.ExecutionContext.Run
at System.Runtime.CompilerServices.AsyncMethodBuilderCore+MoveNextRunner.Run
at System.Threading.Tasks.AwaitTaskContinuation.InvokeAction
at System.Threading.Tasks.AwaitTaskContinuation.RunCallback
at System.Threading.Tasks.SynchronizationContextAwaitTaskContinuation.Run
at System.Threading.Tasks.Task.FinishContinuations
at System.Threading.Tasks.Task.FinishStageThree
at System.Threading.Tasks.Task`1[[System.Collections.Generic.List`1[[RimWorks.Pickle.Core.Run.ScenarioResult, RimWorks.Pickle.Core, Version=6.6.0.0, Culture=neutral, PublicKeyToken=null]], mscorlib, Version=4.0.0.0, Culture=neutral, PublicKeyToken=b77a5c561934e089]].TrySetResult
at System.Runtime.CompilerServices.AsyncTaskMethodBuilder`1[[System.Collections.Generic.List`1[[RimWorks.Pickle.Core.Run.ScenarioResult, RimWorks.Pickle.Core, Version=6.6.0.0, Culture=neutral, PublicKeyToken=null]], mscorlib, Version=4.0.0.0, Culture=neutral, PublicKeyToken=b77a5c561934e089]].SetResult
at RimWorks.Pickle.Runtime.SuiteRunner+<Run>d__0.MoveNext (home/runner/work/Rimworld-Pickle/Rimworld-Pickle/Source/Pickle/Runtime/SuiteRunner:100)
at System.Runtime.CompilerServices.AsyncMethodBuilderCore+MoveNextRunner.InvokeMoveNext
at System.Threading.ExecutionContext.RunInternal
at System.Threading.ExecutionContext.Run
at System.Runtime.CompilerServices.AsyncMethodBuilderCore+MoveNextRunner.Run
at System.Threading.Tasks.AwaitTaskContinuation.InvokeAction
at System.Threading.Tasks.AwaitTaskContinuation.RunCallback
at System.Threading.Tasks.SynchronizationContextAwaitTaskContinuation.Run
at System.Threading.Tasks.Task.FinishContinuations
at System.Threading.Tasks.Task.FinishStageThree
at System.Threading.Tasks.Task`1[[System.Collections.Generic.List`1[[RimWorks.Pickle.Core.Run.ScenarioResult, RimWorks.Pickle.Core, Version=6.6.0.0, Culture=neutral, PublicKeyToken=null]], mscorlib, Version=4.0.0.0, Culture=neutral, PublicKeyToken=b77a5c561934e089]].TrySetResult
at System.Runtime.CompilerServices.AsyncTaskMethodBuilder`1[[System.Collections.Generic.List`1[[RimWorks.Pickle.Core.Run.ScenarioResult, RimWorks.Pickle.Core, Version=6.6.0.0, Culture=neutral, PublicKeyToken=null]], mscorlib, Version=4.0.0.0, Culture=neutral, PublicKeyToken=b77a5c561934e089]].SetResult
at RimWorks.Pickle.Run.RunSession+<RunFeature>d__78.MoveNext (home/runner/work/Rimworld-Pickle/Rimworld-Pickle/Source/Pickle/Run/RunSession:252)
at System.Runtime.CompilerServices.AsyncMethodBuilderCore+MoveNextRunner.InvokeMoveNext
at System.Threading.ExecutionContext.RunInternal
at System.Threading.ExecutionContext.Run
at System.Runtime.CompilerServices.AsyncMethodBuilderCore+MoveNextRunner.Run
at System.Threading.Tasks.AwaitTaskContinuation.InvokeAction
at System.Threading.Tasks.AwaitTaskContinuation.RunCallback
at System.Threading.Tasks.SynchronizationContextAwaitTaskContinuation.Run
at System.Threading.Tasks.Task.FinishContinuations
at System.Threading.Tasks.Task.FinishStageThree
at System.Threading.Tasks.Task`1[[RimWorks.Pickle.Core.Run.ScenarioResult, RimWorks.Pickle.Core, Version=6.6.0.0, Culture=neutral, PublicKeyToken=null]].TrySetResult
at System.Runtime.CompilerServices.AsyncTaskMethodBuilder`1[[RimWorks.Pickle.Core.Run.ScenarioResult, RimWorks.Pickle.Core, Version=6.6.0.0, Culture=neutral, PublicKeyToken=null]].SetResult
at RimWorks.Pickle.Run.RunSession+<RunWithRetries>d__85.MoveNext (home/runner/work/Rimworld-Pickle/Rimworld-Pickle/Source/Pickle/Run/RunSession:351)
at System.Runtime.CompilerServices.AsyncMethodBuilderCore+MoveNextRunner.InvokeMoveNext
at System.Threading.ExecutionContext.RunInternal
at System.Threading.ExecutionContext.Run
at System.Runtime.CompilerServices.AsyncMethodBuilderCore+MoveNextRunner.Run
at System.Threading.Tasks.AwaitTaskContinuation.InvokeAction
at System.Threading.Tasks.AwaitTaskContinuation.RunCallback
at System.Threading.Tasks.SynchronizationContextAwaitTaskContinuation.Run
at System.Threading.Tasks.Task.FinishContinuations
at System.Threading.Tasks.Task.FinishStageThree
at System.Threading.Tasks.Task`1[[RimWorks.Pickle.Core.Run.ScenarioResult, RimWorks.Pickle.Core, Version=6.6.0.0, Culture=neutral, PublicKeyToken=null]].TrySetResult
at System.Runtime.CompilerServices.AsyncTaskMethodBuilder`1[[RimWorks.Pickle.Core.Run.ScenarioResult, RimWorks.Pickle.Core, Version=6.6.0.0, Culture=neutral, PublicKeyToken=null]].SetResult
at RimWorks.Pickle.Run.RunSession+<RunScenario>d__86.MoveNext (home/runner/work/Rimworld-Pickle/Rimworld-Pickle/Source/Pickle/Run/RunSession:501)
at System.Runtime.CompilerServices.AsyncMethodBuilderCore+MoveNextRunner.InvokeMoveNext
at System.Threading.ExecutionContext.RunInternal
at System.Threading.ExecutionContext.Run
at System.Runtime.CompilerServices.AsyncMethodBuilderCore+MoveNextRunner.Run
at System.Threading.Tasks.AwaitTaskContinuation.InvokeAction
at System.Threading.Tasks.AwaitTaskContinuation.RunCallback
at System.Threading.Tasks.SynchronizationContextAwaitTaskContinuation.Run
at System.Threading.Tasks.Task.FinishContinuations
at System.Threading.Tasks.Task.FinishStageThree
at System.Threading.Tasks.Task`1[[RimWorks.Pickle.Core.Run.StepResult, RimWorks.Pickle.Core, Version=6.6.0.0, Culture=neutral, PublicKeyToken=null]].TrySetResult
at System.Runtime.CompilerServices.AsyncTaskMethodBuilder`1[[RimWorks.Pickle.Core.Run.StepResult, RimWorks.Pickle.Core, Version=6.6.0.0, Culture=neutral, PublicKeyToken=null]].SetResult
at RimWorks.Pickle.Run.RunSession+<RunStep>d__87.MoveNext (home/runner/work/Rimworld-Pickle/Rimworld-Pickle/Source/Pickle/Run/RunSession:607)
at System.Runtime.CompilerServices.AsyncMethodBuilderCore+MoveNextRunner.InvokeMoveNext
at System.Threading.ExecutionContext.RunInternal
at System.Threading.ExecutionContext.Run
at System.Runtime.CompilerServices.AsyncMethodBuilderCore+MoveNextRunner.Run
at RimWorks.Pickle.Runtime.PickleDriver.Resolve (home/runner/work/Rimworld-Pickle/Rimworld-Pickle/Source/Pickle/Runtime/PickleDriver:304)
at RimWorks.Pickle.Runtime.PickleDriver.ScanWaits (home/runner/work/Rimworld-Pickle/Rimworld-Pickle/Source/Pickle/Runtime/PickleDriver:285)
at RimWorks.Pickle.Runtime.PickleDriver.Update (home/runner/work/Rimworld-Pickle/Rimworld-Pickle/Source/Pickle/Runtime/PickleDriver:257)
Memory Statistics:
[ALLOC_TEMP_TLS] TLS Allocator
  StackAllocators : 
    [ALLOC_TEMP_MAIN]
      Peak usage frame count: [0-1.0 KB]: 164 frames, [1.0 KB-2.0 KB]: 5 frames, [2.0 KB-4.0 KB]: 624 frames, [4.0 KB-8.0 KB]: 2 frames, [8.0 KB-16.0 KB]: 3 frames, [32.0 KB-64.0 KB]: 1 frames, [128.0 KB-256.0 KB]: 1 frames, [256.0 KB-0.5 MB]: 1 frames, [2.0 MB-4.0 MB]: 8 frames
      Initial Block Size 4.0 MB
      Current Block Size 4.0 MB
      Peak Allocated Bytes 3.4 MB
      Overflow Count 3
    [ALLOC_TEMP_Loading.AsyncRead]
      Initial Block Size 64.0 KB
      Current Block Size 120.0 KB
      Peak Allocated Bytes 117.2 KB
      Overflow Count 0
    [ALLOC_TEMP_Loading.PreloadManager]
      Initial Block Size 256.0 KB
      Current Block Size 256.0 KB
      Peak Allocated Bytes 6.4 KB
      Overflow Count 8
    [ALLOC_TEMP_Background Job.Worker 8]
      Initial Block Size 32.0 KB
      Current Block Size 32.0 KB
      Peak Allocated Bytes 0 B
      Overflow Count 0
    [ALLOC_TEMP_Job.Worker 6]
      Initial Block Size 256.0 KB
      Current Block Size 256.0 KB
      Peak Allocated Bytes 0 B
      Overflow Count 0
    [ALLOC_TEMP_Job.Worker 0]
      Initial Block Size 256.0 KB
      Current Block Size 256.0 KB
      Peak Allocated Bytes 0 B
      Overflow Count 0
    [ALLOC_TEMP_Background Job.Worker 10]
      Initial Block Size 32.0 KB
      Current Block Size 32.0 KB
      Peak Allocated Bytes 0 B
      Overflow Count 0
    [ALLOC_TEMP_Background Job.Worker 9]
      Initial Block Size 32.0 KB
      Current Block Size 32.0 KB
      Peak Allocated Bytes 0 B
      Overflow Count 0
    [ALLOC_TEMP_Job.Worker 5]
      Initial Block Size 256.0 KB
      Current Block Size 256.0 KB
      Peak Allocated Bytes 0 B
      Overflow Count 0
    [ALLOC_TEMP_Background Job.Worker 14]
      Initial Block Size 32.0 KB
      Current Block Size 32.0 KB
      Peak Allocated Bytes 0 B
      Overflow Count 0
    [ALLOC_TEMP_Background Job.Worker 6]
      Initial Block Size 32.0 KB
      Current Block Size 32.0 KB
      Peak Allocated Bytes 0 B
      Overflow Count 0
    [ALLOC_TEMP_Job.Worker 4]
      Initial Block Size 256.0 KB
      Current Block Size 256.0 KB
      Peak Allocated Bytes 0 B
      Overflow Count 0
    [ALLOC_TEMP_Job.Worker 3]
      Initial Block Size 256.0 KB
      Current Block Size 256.0 KB
      Peak Allocated Bytes 0 B
      Overflow Count 0
    [ALLOC_TEMP_Background Job.Worker 12]
      Initial Block Size 32.0 KB
      Current Block Size 32.0 KB
      Peak Allocated Bytes 0 B
      Overflow Count 0
    [ALLOC_TEMP_EnlightenWorker] x 4
      Initial Block Size 64.0 KB
      Current Block Size 64.0 KB
      Peak Allocated Bytes 0 B
      Overflow Count 0
    [ALLOC_TEMP_Background Job.Worker 15]
      Initial Block Size 32.0 KB
      Current Block Size 32.0 KB
      Peak Allocated Bytes 0 B
      Overflow Count 0
    [ALLOC_TEMP_Background Job.Worker 1]
      Initial Block Size 32.0 KB
      Current Block Size 32.0 KB
      Peak Allocated Bytes 0 B
      Overflow Count 0
    [ALLOC_TEMP_Background Job.Worker 2]
      Initial Block Size 32.0 KB
      Current Block Size 32.0 KB
      Peak Allocated Bytes 0 B
      Overflow Count 0
    [ALLOC_TEMP_Background Job.Worker 7]
      Initial Block Size 32.0 KB
      Current Block Size 32.0 KB
      Peak Allocated Bytes 0 B
      Overflow Count 0
    [ALLOC_TEMP_UnityGfxDeviceWorker]
      Initial Block Size 256.0 KB
      Current Block Size 256.0 KB
      Peak Allocated Bytes 64.0 KB
      Overflow Count 6
    [ALLOC_TEMP_AssetGarbageCollectorHelper] x 7
      Initial Block Size 64.0 KB
      Current Block Size 64.0 KB
      Peak Allocated Bytes 0 B
      Overflow Count 0
    [ALLOC_TEMP_Background Job.Worker 5]
      Initial Block Size 32.0 KB
      Current Block Size 32.0 KB
      Peak Allocated Bytes 0 B
      Overflow Count 0
    [ALLOC_TEMP_Background Job.Worker 13]
      Initial Block Size 32.0 KB
      Current Block Size 32.0 KB
      Peak Allocated Bytes 0 B
      Overflow Count 0
    [ALLOC_TEMP_Job.Worker 1]
      Initial Block Size 256.0 KB
      Current Block Size 256.0 KB
      Peak Allocated Bytes 0.6 KB
      Overflow Count 0
    [ALLOC_TEMP_Job.Worker 2]
      Initial Block Size 256.0 KB
      Current Block Size 256.0 KB
      Peak Allocated Bytes 0 B
      Overflow Count 0
    [ALLOC_TEMP_Background Job.Worker 3]
      Initial Block Size 32.0 KB
      Current Block Size 32.0 KB
      Peak Allocated Bytes 0 B
      Overflow Count 0
    [ALLOC_TEMP_Background Job.Worker 11]
      Initial Block Size 32.0 KB
      Current Block Size 32.0 KB
      Peak Allocated Bytes 0 B
      Overflow Count 0
    [ALLOC_TEMP_Background Job.Worker 0]
      Initial Block Size 32.0 KB
      Current Block Size 32.0 KB
      Peak Allocated Bytes 0 B
      Overflow Count 0
    [ALLOC_TEMP_Background Job.Worker 4]
      Initial Block Size 32.0 KB
      Current Block Size 32.0 KB
      Peak Allocated Bytes 0 B
      Overflow Count 0
    [ALLOC_TEMP_BatchDeleteObjects]
      Initial Block Size 64.0 KB
      Current Block Size 64.0 KB
      Peak Allocated Bytes 0 B
      Overflow Count 0
[ALLOC_DEFAULT] Dual Thread Allocator
  Peak main deferred allocation count 12296
    [ALLOC_BUCKET]
      Large Block size 4.0 MB
      Used Block count 1
      Peak Allocated bytes 4.0 MB
      Failed Allocations. Bucket layout:
        16B: 4 Subsections = 4096 buckets. Failed count: 26932
        32B: 30 Subsections = 15360 buckets. Failed count: 46183
        48B: 34 Subsections = 11605 buckets. Failed count: 49863
        64B: 89 Subsections = 22784 buckets. Failed count: 62381
        80B: 82 Subsections = 16793 buckets. Failed count: 21271
        96B: 6 Subsections = 1024 buckets. Failed count: 48588
        112B: 7 Subsections = 1024 buckets. Failed count: 7123
        128B: 4 Subsections = 512 buckets. Failed count: 8579
    [ALLOC_DEFAULT_MAIN]
      Peak usage frame count: [16.0 MB-32.0 MB]: 89 frames, [128.0 MB-256.0 MB]: 94 frames, [256.0 MB-0.50 GB]: 626 frames
      Requested Block Size 16.0 MB
      Peak Block count 19
      Peak Allocated memory 307.9 MB
      Peak Large allocation bytes 35.3 MB
    [ALLOC_DEFAULT_THREAD]
      Peak usage frame count: [4.0 MB-8.0 MB]: 119 frames, [8.0 MB-16.0 MB]: 3 frames, [16.0 MB-32.0 MB]: 4 frames, [32.0 MB-64.0 MB]: 13 frames, [64.0 MB-128.0 MB]: 670 frames
      Requested Block Size 16.0 MB
      Peak Block count 5
      Peak Allocated memory 104.0 MB
      Peak Large allocation bytes 33.8 MB
[ALLOC_TEMP_JOB_1_FRAME]
  Initial Block Size 2.0 MB
  Used Block Count 0
  Overflow Count (too large) 0
  Overflow Count (full) 0
[ALLOC_TEMP_JOB_2_FRAMES]
  Initial Block Size 2.0 MB
  Used Block Count 0
  Overflow Count (too large) 0
  Overflow Count (full) 0
[ALLOC_TEMP_JOB_4_FRAMES (JobTemp)]
  Initial Block Size 2.0 MB
  Used Block Count 1
  Overflow Count (too large) 2
  Overflow Count (full) 0
[ALLOC_TEMP_JOB_ASYNC (Background)]
  Initial Block Size 1.0 MB
  Used Block Count 1
  Overflow Count (too large) 6
  Overflow Count (full) 0
[ALLOC_GFX] Dual Thread Allocator
  Peak main deferred allocation count 447
    [ALLOC_BUCKET]
      Large Block size 4.0 MB
      Used Block count 1
      Peak Allocated bytes 4.0 MB
      Failed Allocations. Bucket layout:
        16B: 4 Subsections = 4096 buckets. Failed count: 26932
        32B: 30 Subsections = 15360 buckets. Failed count: 46183
        48B: 34 Subsections = 11605 buckets. Failed count: 49863
        64B: 89 Subsections = 22784 buckets. Failed count: 62381
        80B: 82 Subsections = 16793 buckets. Failed count: 21271
        96B: 6 Subsections = 1024 buckets. Failed count: 48588
        112B: 7 Subsections = 1024 buckets. Failed count: 7123
        128B: 4 Subsections = 512 buckets. Failed count: 8579
    [ALLOC_GFX_MAIN]
      Peak usage frame count: [64.0 KB-128.0 KB]: 1 frames, [2.0 MB-4.0 MB]: 94 frames, [4.0 MB-8.0 MB]: 86 frames, [32.0 MB-64.0 MB]: 621 frames, [64.0 MB-128.0 MB]: 6 frames, [256.0 MB-0.50 GB]: 1 frames
      Requested Block Size 16.0 MB
      Peak Block count 6
      Peak Allocated memory 384.4 MB
      Peak Large allocation bytes 341.0 MB
    [ALLOC_GFX_THREAD]
      Peak usage frame count: [0-1.0 KB]: 89 frames, [1.0 KB-2.0 KB]: 8 frames, [2.0 KB-4.0 KB]: 86 frames, [8.0 KB-16.0 KB]: 11 frames, [16.0 KB-32.0 KB]: 615 frames
      Requested Block Size 16.0 MB
      Peak Block count 1
      Peak Allocated memory 19.8 KB
      Peak Large allocation bytes 0 B
[ALLOC_CACHEOBJECTS] Dual Thread Allocator
  Peak main deferred allocation count 157
    [ALLOC_BUCKET]
      Large Block size 4.0 MB
      Used Block count 1
      Peak Allocated bytes 4.0 MB
      Failed Allocations. Bucket layout:
        16B: 4 Subsections = 4096 buckets. Failed count: 26932
        32B: 30 Subsections = 15360 buckets. Failed count: 46183
        48B: 34 Subsections = 11605 buckets. Failed count: 49863
        64B: 89 Subsections = 22784 buckets. Failed count: 62381
        80B: 82 Subsections = 16793 buckets. Failed count: 21271
        96B: 6 Subsections = 1024 buckets. Failed count: 48588
        112B: 7 Subsections = 1024 buckets. Failed count: 7123
        128B: 4 Subsections = 512 buckets. Failed count: 8579
    [ALLOC_CACHEOBJECTS_MAIN]
      Peak usage frame count: [4.0 MB-8.0 MB]: 1 frames, [8.0 MB-16.0 MB]: 88 frames, [16.0 MB-32.0 MB]: 720 frames
      Requested Block Size 4.0 MB
      Peak Block count 5
      Peak Allocated memory 17.9 MB
      Peak Large allocation bytes 0 B
    [ALLOC_CACHEOBJECTS_THREAD]
      Peak usage frame count: [4.0 KB-8.0 KB]: 95 frames, [32.0 KB-64.0 KB]: 710 frames, [64.0 KB-128.0 KB]: 2 frames, [256.0 KB-0.5 MB]: 1 frames, [0.5 MB-1.0 MB]: 1 frames
      Requested Block Size 4.0 MB
      Peak Block count 1
      Peak Allocated memory 0.6 MB
      Peak Large allocation bytes 0 B
[ALLOC_TYPETREE] Dual Thread Allocator
  Peak main deferred allocation count 0
    [ALLOC_BUCKET]
      Large Block size 4.0 MB
      Used Block count 1
      Peak Allocated bytes 4.0 MB
      Failed Allocations. Bucket layout:
        16B: 4 Subsections = 4096 buckets. Failed count: 26932
        32B: 30 Subsections = 15360 buckets. Failed count: 46183
        48B: 34 Subsections = 11605 buckets. Failed count: 49863
        64B: 89 Subsections = 22784 buckets. Failed count: 62381
        80B: 82 Subsections = 16793 buckets. Failed count: 21271
        96B: 6 Subsections = 1024 buckets. Failed count: 48588
        112B: 7 Subsections = 1024 buckets. Failed count: 7123
        128B: 4 Subsections = 512 buckets. Failed count: 8579
    [ALLOC_TYPETREE_MAIN]
      Peak usage frame count: [0-1.0 KB]: 1 frames, [4.0 KB-8.0 KB]: 88 frames, [32.0 KB-64.0 KB]: 720 frames
      Requested Block Size 2.0 MB
      Peak Block count 1
      Peak Allocated memory 46.3 KB
      Peak Large allocation bytes 0 B
    [ALLOC_TYPETREE_THREAD]
      Peak usage frame count: [0-1.0 KB]: 809 frames
      Requested Block Size 2.0 MB
      Peak Block count 0
      Peak Allocated memory 0 B
      Peak Large allocation bytes 0 B
